###############################################################################
#
# IAR ELF Linker V8.10.1.12857/W32 for ARM                03/Dec/2018  08:24:25
# Copyright 2007-2017 IAR Systems AB.
#
#    Output file  =  
#        C:\Users\Studente\Desktop\Esercizio 3-12-2018\Debug\Exe\Esercizio.out
#    Map file     =  
#        C:\Users\Studente\Desktop\Esercizio 3-12-2018\Debug\List\Esercizio.map
#    Command line =  
#        -f C:\Users\Studente\AppData\Local\Temp\EWB4FB.tmp
#        ("C:\Users\Studente\Desktop\Esercizio 3-12-2018\Debug\Obj\main.o"
#        "C:\Users\Studente\Desktop\Esercizio
#        3-12-2018\Debug\Obj\startup_stm32f30x.o"
#        "C:\Users\Studente\Desktop\Esercizio
#        3-12-2018\Debug\Obj\system_stm32f30x.o" -o
#        "C:\Users\Studente\Desktop\Esercizio
#        3-12-2018\Debug\Exe\Esercizio.out" --map
#        "C:\Users\Studente\Desktop\Esercizio
#        3-12-2018\Debug\List\Esercizio.map" --config "C:\Program Files
#        (x86)\IAR Systems\Embedded Workbench
#        8.0\arm\config\linker\ST\stm32f303xC.icf" --semihosting --entry
#        __iar_program_start --vfe --text_out locale)
#
###############################################################################

*******************************************************************************
*** RUNTIME MODEL ATTRIBUTES
***

CppFlavor       = *
__SystemLibrary = DLib
__dlib_version  = 6


*******************************************************************************
*** HEAP SELECTION
***

The basic heap was selected because some modules are built with
size limitations (and not runtime checking), and --advanced_heap
was not specified.


*******************************************************************************
*** PLACEMENT SUMMARY
***

"A0":  place at 0x08000000 { ro section .intvec };
"P1":  place in [from 0x08000000 to 0x0803ffff] { ro };
"P2":  place in [from 0x20000000 to 0x20009fff] { rw, block CSTACK, block HEAP };

  Section   Kind        Address    Size  Object
  -------   ----        -------    ----  ------
"A0":                             0x188
  .intvec   ro code  0x08000000   0x188  startup_stm32f30x.o [1]
                   - 0x08000188   0x188

"P1":                             0x314
  .text     ro code  0x08000188   0x164  system_stm32f30x.o [1]
  .text     ro code  0x080002ec    0x22  fpinit_M.o [4]
  .text     ro code  0x08000310    0x1a  cmain.o [5]
  .text     ro code  0x0800032a     0x4  low_level_init.o [3]
  .text     ro code  0x0800032e     0x2  main.o [1]
  .text     ro code  0x08000330     0x4  exit.o [3]
  .text     ro code  0x08000334     0xa  cexit.o [5]
  .text     ro code  0x08000340    0x14  exit.o [6]
  .text     ro code  0x08000354    0x10  startup_stm32f30x.o [1]
  .text     ro code  0x08000364     0xc  cstartup_M.o [5]
  .text     ro code  0x08000370     0x4  startup_stm32f30x.o [1]
  .text     ro code  0x08000374     0x4  startup_stm32f30x.o [1]
  .text     ro code  0x08000378     0x4  startup_stm32f30x.o [1]
  .text     ro code  0x0800037c     0x4  startup_stm32f30x.o [1]
  .text     ro code  0x08000380     0x4  startup_stm32f30x.o [1]
  .text     ro code  0x08000384     0x4  startup_stm32f30x.o [1]
  .text     ro code  0x08000388     0x4  startup_stm32f30x.o [1]
  .text     ro code  0x0800038c     0x4  startup_stm32f30x.o [1]
  .text     ro code  0x08000390     0x4  startup_stm32f30x.o [1]
  .text     ro code  0x08000394     0x4  startup_stm32f30x.o [1]
  .text     ro code  0x08000398     0x4  startup_stm32f30x.o [1]
  .text     ro code  0x0800039c     0x4  startup_stm32f30x.o [1]
  .text     ro code  0x080003a0     0x4  startup_stm32f30x.o [1]
  .text     ro code  0x080003a4     0x4  startup_stm32f30x.o [1]
  .text     ro code  0x080003a8     0x4  startup_stm32f30x.o [1]
  .text     ro code  0x080003ac     0x4  startup_stm32f30x.o [1]
  .text     ro code  0x080003b0     0x4  startup_stm32f30x.o [1]
  .text     ro code  0x080003b4     0x4  startup_stm32f30x.o [1]
  .text     ro code  0x080003b8     0x4  startup_stm32f30x.o [1]
  .text     ro code  0x080003bc     0x4  startup_stm32f30x.o [1]
  .text     ro code  0x080003c0     0x4  startup_stm32f30x.o [1]
  .text     ro code  0x080003c4     0x4  startup_stm32f30x.o [1]
  .text     ro code  0x080003c8     0x4  startup_stm32f30x.o [1]
  .text     ro code  0x080003cc     0x4  startup_stm32f30x.o [1]
  .text     ro code  0x080003d0     0x4  startup_stm32f30x.o [1]
  .text     ro code  0x080003d4     0x4  startup_stm32f30x.o [1]
  .text     ro code  0x080003d8     0x4  startup_stm32f30x.o [1]
  .text     ro code  0x080003dc     0x4  startup_stm32f30x.o [1]
  .text     ro code  0x080003e0     0x4  startup_stm32f30x.o [1]
  .text     ro code  0x080003e4     0x4  startup_stm32f30x.o [1]
  .text     ro code  0x080003e8     0x4  startup_stm32f30x.o [1]
  .text     ro code  0x080003ec     0x4  startup_stm32f30x.o [1]
  .text     ro code  0x080003f0     0x4  startup_stm32f30x.o [1]
  .text     ro code  0x080003f4     0x4  startup_stm32f30x.o [1]
  .text     ro code  0x080003f8     0x4  startup_stm32f30x.o [1]
  .text     ro code  0x080003fc     0x4  startup_stm32f30x.o [1]
  .text     ro code  0x08000400     0x4  startup_stm32f30x.o [1]
  .text     ro code  0x08000404     0x4  startup_stm32f30x.o [1]
  .text     ro code  0x08000408     0x4  startup_stm32f30x.o [1]
  .text     ro code  0x0800040c     0x4  startup_stm32f30x.o [1]
  .text     ro code  0x08000410     0x4  startup_stm32f30x.o [1]
  .text     ro code  0x08000414     0x4  startup_stm32f30x.o [1]
  .text     ro code  0x08000418     0x4  startup_stm32f30x.o [1]
  .text     ro code  0x0800041c     0x4  startup_stm32f30x.o [1]
  .text     ro code  0x08000420     0x4  startup_stm32f30x.o [1]
  .text     ro code  0x08000424     0x4  startup_stm32f30x.o [1]
  .text     ro code  0x08000428     0x4  startup_stm32f30x.o [1]
  .text     ro code  0x0800042c     0x4  startup_stm32f30x.o [1]
  .text     ro code  0x08000430     0x4  startup_stm32f30x.o [1]
  .text     ro code  0x08000434     0x4  startup_stm32f30x.o [1]
  .text     ro code  0x08000438     0x4  startup_stm32f30x.o [1]
  .text     ro code  0x0800043c     0x4  startup_stm32f30x.o [1]
  .text     ro code  0x08000440     0x4  startup_stm32f30x.o [1]
  .text     ro code  0x08000444     0x4  startup_stm32f30x.o [1]
  .text     ro code  0x08000448     0x4  startup_stm32f30x.o [1]
  .text     ro code  0x0800044c     0x4  startup_stm32f30x.o [1]
  .text     ro code  0x08000450     0x4  startup_stm32f30x.o [1]
  .text     ro code  0x08000454     0x4  startup_stm32f30x.o [1]
  .text     ro code  0x08000458     0x4  startup_stm32f30x.o [1]
  .text     ro code  0x0800045c     0x4  startup_stm32f30x.o [1]
  .text     ro code  0x08000460     0x4  startup_stm32f30x.o [1]
  .text     ro code  0x08000464     0x4  startup_stm32f30x.o [1]
  .text     ro code  0x08000468     0x4  startup_stm32f30x.o [1]
  .text     ro code  0x0800046c     0x4  startup_stm32f30x.o [1]
  .text     ro code  0x08000470     0x4  startup_stm32f30x.o [1]
  .text     ro code  0x08000474     0x4  startup_stm32f30x.o [1]
  .text     ro code  0x08000478     0x4  startup_stm32f30x.o [1]
  .text     ro code  0x0800047c     0x4  startup_stm32f30x.o [1]
  .text     ro code  0x08000480     0x4  startup_stm32f30x.o [1]
  .text     ro code  0x08000484     0x4  startup_stm32f30x.o [1]
  .text     ro code  0x08000488     0x4  startup_stm32f30x.o [1]
  .text     ro code  0x0800048c     0x4  startup_stm32f30x.o [1]
  .text     ro code  0x08000490     0x4  startup_stm32f30x.o [1]
  .text     ro code  0x08000494     0x4  startup_stm32f30x.o [1]
  .text     ro code  0x08000498     0x4  startup_stm32f30x.o [1]
                   - 0x0800049c   0x314

"P2":                            0x2000
  CSTACK             0x20000000  0x2000  <Block>
    CSTACK  uninit   0x20000000  0x2000  <Block tail>
                   - 0x20002000  0x2000



*******************************************************************************
*** MODULE SUMMARY
***

    Module               ro code  rw data
    ------               -------  -------
C:\Users\Studente\Desktop\Esercizio 3-12-2018\Debug\Obj: [1]
    main.o                     2
    startup_stm32f30x.o      708
    system_stm32f30x.o       356
    -------------------------------------
    Total:                 1 066

command line: [2]
    -------------------------------------
    Total:

dl7M_tln.a: [3]
    exit.o                     4
    low_level_init.o           4
    -------------------------------------
    Total:                     8

m7M_tls.a: [4]
    fpinit_M.o                34
    -------------------------------------
    Total:                    34

rt7M_tl.a: [5]
    cexit.o                   10
    cmain.o                   26
    cstartup_M.o              12
    -------------------------------------
    Total:                    48

shb_l.a: [6]
    exit.o                    20
    -------------------------------------
    Total:                    20

    Gaps                       4
    Linker created                  8 192
-----------------------------------------
    Grand Total:           1 180    8 192


*******************************************************************************
*** ENTRY LIST
***

Entry                      Address  Size  Type      Object
-----                      -------  ----  ----      ------
?main                   0x08000311        Code  Gb  cmain.o [5]
CSTACK$$Base            0x20000000         --   Gb  - Linker created -
CSTACK$$Limit           0x20002000         --   Gb  - Linker created -
Region$$Table$$Base     0x00000000         --   Gb  - Linker created -
Region$$Table$$Limit    0x00000000         --   Gb  - Linker created -
SetSysClock             0x080001ff  0xc2  Code  Lc  system_stm32f30x.o [1]
SystemInit              0x08000189  0x76  Code  Gb  system_stm32f30x.o [1]
__cmain                 0x08000311        Code  Gb  cmain.o [5]
__exit                  0x08000341  0x14  Code  Gb  exit.o [6]
__iar_init_vfp          0x080002ed        Code  Gb  fpinit_M.o [4]
__iar_program_start     0x08000365        Code  Gb  cstartup_M.o [5]
__iar_systems$$module {Abs}
                        0x00000001        Data  Gb  command line/config [2]
__low_level_init        0x0800032b   0x4  Code  Gb  low_level_init.o [3]
__vector_table          0x08000000        Data  Gb  startup_stm32f30x.o [1]
_call_main              0x0800031d        Code  Gb  cmain.o [5]
_exit                   0x08000335        Code  Gb  cexit.o [5]
_main                   0x08000327        Code  Gb  cmain.o [5]
exit                    0x08000331   0x4  Code  Gb  exit.o [3]
main                    0x0800032f   0x2  Code  Gb  main.o [1]


[1] = C:\Users\Studente\Desktop\Esercizio 3-12-2018\Debug\Obj
[2] = command line
[3] = dl7M_tln.a
[4] = m7M_tls.a
[5] = rt7M_tl.a
[6] = shb_l.a

  1 180 bytes of readonly  code memory
  8 192 bytes of readwrite data memory

Errors: none
Warnings: none
