###############################################################################
#
# IAR ELF Linker V8.30.2.160/W32 for ARM                  08/Jan/2019  18:28:39
# Copyright 2007-2018 IAR Systems AB.
#
#    Output file  =  
#        C:\Users\Windows_10\Desktop\Mapi\Esercizi
#        miei\readme\Debug\Exe\Esame.out
#    Map file     =  
#        C:\Users\Windows_10\Desktop\Mapi\Esercizi
#        miei\readme\Debug\List\Esame.map
#    Command line =  
#        -f C:\Users\WINDOW~1\AppData\Local\Temp\EWD902.tmp
#        ("C:\Users\Windows_10\Desktop\Mapi\Esercizi
#        miei\readme\Debug\Obj\main.o"
#        "C:\Users\Windows_10\Desktop\Mapi\Esercizi
#        miei\readme\Debug\Obj\startup_stm32f30x.o"
#        "C:\Users\Windows_10\Desktop\Mapi\Esercizi
#        miei\readme\Debug\Obj\system_stm32f30x.o" --no_out_extension -o
#        "C:\Users\Windows_10\Desktop\Mapi\Esercizi
#        miei\readme\Debug\Exe\Esame.out" --map
#        "C:\Users\Windows_10\Desktop\Mapi\Esercizi
#        miei\readme\Debug\List\Esame.map" --config "C:\Program Files (x86)\IAR
#        Systems\Embedded Workbench 8.1\arm\config\linker\ST\stm32f303xC.icf"
#        --semihosting --entry __iar_program_start --vfe --text_out locale)
#
###############################################################################

*******************************************************************************
*** RUNTIME MODEL ATTRIBUTES
***

CppFlavor       = *
__SystemLibrary = DLib
__dlib_version  = 6


*******************************************************************************
*** HEAP SELECTION
***

The basic heap was selected because some modules are built with
size limitations (and not runtime checking), and --advanced_heap
was not specified.


*******************************************************************************
*** PLACEMENT SUMMARY
***

"A0":  place at 0x800'0000 { ro section .intvec };
"P1":  place in [from 0x800'0000 to 0x803'ffff] { ro };
define block CSTACK with size = 8K, alignment = 8 { };
define block HEAP with size = 8K, alignment = 8 { };
"P2":  place in [from 0x2000'0000 to 0x2000'9fff] {
          rw, block CSTACK, block HEAP };

No sections matched the following patterns:

  section .ccmram  in "P3"


  Section          Kind         Address    Size  Object
  -------          ----         -------    ----  ------
"A0":                                     0x188
  .intvec          ro code   0x800'0000   0x188  startup_stm32f30x.o [1]
                           - 0x800'0188   0x188

"P1":                                     0x57c
  .text            ro code   0x800'0188   0x22c  main.o [1]
  .text            ro code   0x800'03b4   0x128  system_stm32f30x.o [1]
  .text            ro code   0x800'04dc    0x3a  zero_init3.o [4]
  .text            ro code   0x800'0518    0x28  data_init.o [4]
  .text            ro code   0x800'0540    0x22  fpinit_M.o [3]
  .iar.init_table  const     0x800'0564    0x10  - Linker created -
  .text            ro code   0x800'0574    0x1e  cmain.o [4]
  .text            ro code   0x800'0592     0x4  low_level_init.o [2]
  .text            ro code   0x800'0596     0x4  exit.o [2]
  .text            ro code   0x800'059c     0xa  cexit.o [4]
  .text            ro code   0x800'05a8    0x14  exit.o [5]
  .text            ro code   0x800'05bc    0x10  startup_stm32f30x.o [1]
  .text            ro code   0x800'05cc     0xc  cstartup_M.o [4]
  .text            ro code   0x800'05d8     0x4  startup_stm32f30x.o [1]
  .text            ro code   0x800'05dc     0x4  startup_stm32f30x.o [1]
  .text            ro code   0x800'05e0     0x4  startup_stm32f30x.o [1]
  .text            ro code   0x800'05e4     0x4  startup_stm32f30x.o [1]
  .text            ro code   0x800'05e8     0x4  startup_stm32f30x.o [1]
  .text            ro code   0x800'05ec     0x4  startup_stm32f30x.o [1]
  .text            ro code   0x800'05f0     0x4  startup_stm32f30x.o [1]
  .text            ro code   0x800'05f4     0x4  startup_stm32f30x.o [1]
  .text            ro code   0x800'05f8     0x4  startup_stm32f30x.o [1]
  .text            ro code   0x800'05fc     0x4  startup_stm32f30x.o [1]
  .text            ro code   0x800'0600     0x4  startup_stm32f30x.o [1]
  .text            ro code   0x800'0604     0x4  startup_stm32f30x.o [1]
  .text            ro code   0x800'0608     0x4  startup_stm32f30x.o [1]
  .text            ro code   0x800'060c     0x4  startup_stm32f30x.o [1]
  .text            ro code   0x800'0610     0x4  startup_stm32f30x.o [1]
  .text            ro code   0x800'0614     0x4  startup_stm32f30x.o [1]
  .text            ro code   0x800'0618     0x4  startup_stm32f30x.o [1]
  .text            ro code   0x800'061c     0x4  startup_stm32f30x.o [1]
  .text            ro code   0x800'0620     0x4  startup_stm32f30x.o [1]
  .text            ro code   0x800'0624     0x4  startup_stm32f30x.o [1]
  .text            ro code   0x800'0628     0x4  startup_stm32f30x.o [1]
  .text            ro code   0x800'062c     0x4  startup_stm32f30x.o [1]
  .text            ro code   0x800'0630     0x4  startup_stm32f30x.o [1]
  .text            ro code   0x800'0634     0x4  startup_stm32f30x.o [1]
  .text            ro code   0x800'0638     0x4  startup_stm32f30x.o [1]
  .text            ro code   0x800'063c     0x4  startup_stm32f30x.o [1]
  .text            ro code   0x800'0640     0x4  startup_stm32f30x.o [1]
  .text            ro code   0x800'0644     0x4  startup_stm32f30x.o [1]
  .text            ro code   0x800'0648     0x4  startup_stm32f30x.o [1]
  .text            ro code   0x800'064c     0x4  startup_stm32f30x.o [1]
  .text            ro code   0x800'0650     0x4  startup_stm32f30x.o [1]
  .text            ro code   0x800'0654     0x4  startup_stm32f30x.o [1]
  .text            ro code   0x800'0658     0x4  startup_stm32f30x.o [1]
  .text            ro code   0x800'065c     0x4  startup_stm32f30x.o [1]
  .text            ro code   0x800'0660     0x4  startup_stm32f30x.o [1]
  .text            ro code   0x800'0664     0x4  startup_stm32f30x.o [1]
  .text            ro code   0x800'0668     0x4  startup_stm32f30x.o [1]
  .text            ro code   0x800'066c     0x4  startup_stm32f30x.o [1]
  .text            ro code   0x800'0670     0x4  startup_stm32f30x.o [1]
  .text            ro code   0x800'0674     0x4  startup_stm32f30x.o [1]
  .text            ro code   0x800'0678     0x4  startup_stm32f30x.o [1]
  .text            ro code   0x800'067c     0x4  startup_stm32f30x.o [1]
  .text            ro code   0x800'0680     0x4  startup_stm32f30x.o [1]
  .text            ro code   0x800'0684     0x4  startup_stm32f30x.o [1]
  .text            ro code   0x800'0688     0x4  startup_stm32f30x.o [1]
  .text            ro code   0x800'068c     0x4  startup_stm32f30x.o [1]
  .text            ro code   0x800'0690     0x4  startup_stm32f30x.o [1]
  .text            ro code   0x800'0694     0x4  startup_stm32f30x.o [1]
  .text            ro code   0x800'0698     0x4  startup_stm32f30x.o [1]
  .text            ro code   0x800'069c     0x4  startup_stm32f30x.o [1]
  .text            ro code   0x800'06a0     0x4  startup_stm32f30x.o [1]
  .text            ro code   0x800'06a4     0x4  startup_stm32f30x.o [1]
  .text            ro code   0x800'06a8     0x4  startup_stm32f30x.o [1]
  .text            ro code   0x800'06ac     0x4  startup_stm32f30x.o [1]
  .text            ro code   0x800'06b0     0x4  startup_stm32f30x.o [1]
  .text            ro code   0x800'06b4     0x4  startup_stm32f30x.o [1]
  .text            ro code   0x800'06b8     0x4  startup_stm32f30x.o [1]
  .text            ro code   0x800'06bc     0x4  startup_stm32f30x.o [1]
  .text            ro code   0x800'06c0     0x4  startup_stm32f30x.o [1]
  .text            ro code   0x800'06c4     0x4  startup_stm32f30x.o [1]
  .text            ro code   0x800'06c8     0x4  startup_stm32f30x.o [1]
  .text            ro code   0x800'06cc     0x4  startup_stm32f30x.o [1]
  .text            ro code   0x800'06d0     0x4  startup_stm32f30x.o [1]
  .text            ro code   0x800'06d4     0x4  startup_stm32f30x.o [1]
  .text            ro code   0x800'06d8     0x4  startup_stm32f30x.o [1]
  .text            ro code   0x800'06dc     0x4  startup_stm32f30x.o [1]
  .text            ro code   0x800'06e0     0x4  startup_stm32f30x.o [1]
  .text            ro code   0x800'06e4     0x4  startup_stm32f30x.o [1]
  .text            ro code   0x800'06e8     0x4  startup_stm32f30x.o [1]
  .text            ro code   0x800'06ec     0x4  startup_stm32f30x.o [1]
  .text            ro code   0x800'06f0     0x4  startup_stm32f30x.o [1]
  .text            ro code   0x800'06f4     0x4  startup_stm32f30x.o [1]
  .text            ro code   0x800'06f8     0x4  startup_stm32f30x.o [1]
  .text            ro code   0x800'06fc     0x4  startup_stm32f30x.o [1]
  .text            ro code   0x800'0700     0x4  startup_stm32f30x.o [1]
  .rodata          const     0x800'0704     0x0  zero_init3.o [4]
                           - 0x800'0704   0x57c

"P2", part 1 of 2:                         0x24
  .bss             zero     0x2000'0000    0x14  main.o [1]
  .bss             zero     0x2000'0014     0x8  main.o [1]
  .bss             zero     0x2000'001c     0x4  main.o [1]
  .bss             zero     0x2000'0020     0x2  main.o [1]
                          - 0x2000'0022    0x22

"P2", part 2 of 2:                       0x2000
  CSTACK                    0x2000'0028  0x2000  <Block>
    CSTACK         uninit   0x2000'0028  0x2000  <Block tail>
                          - 0x2000'2028  0x2000

Unused ranges:

         From           To      Size
         ----           --      ----
   0x800'0704   0x803'ffff  0x3'f8fc
  0x2000'0024  0x2000'0027       0x4
  0x2000'2028  0x2000'9fff    0x7fd8


*******************************************************************************
*** INIT TABLE
***

          Address      Size
          -------      ----
Zero (__iar_zero_init3)
    1 destination range, total size 0x22:
          0x2000'0000  0x22



*******************************************************************************
*** MODULE SUMMARY
***

    Module               ro code  ro data  rw data
    ------               -------  -------  -------
command line/config:
    ----------------------------------------------
    Total:

C:\Users\Windows_10\Desktop\Mapi\Esercizi miei\readme\Debug\Obj: [1]
    main.o                   556                34
    startup_stm32f30x.o      708
    system_stm32f30x.o       296
    ----------------------------------------------
    Total:                 1 560                34

dl7M_tln.a: [2]
    exit.o                     4
    low_level_init.o           4
    ----------------------------------------------
    Total:                     8

m7M_tls.a: [3]
    fpinit_M.o                34
    ----------------------------------------------
    Total:                    34

rt7M_tl.a: [4]
    cexit.o                   10
    cmain.o                   30
    cstartup_M.o              12
    data_init.o               40
    zero_init3.o              58
    ----------------------------------------------
    Total:                   150

shb_l.a: [5]
    exit.o                    20
    ----------------------------------------------
    Total:                    20

    Gaps                       6        2
    Linker created                     16    8 192
--------------------------------------------------
    Grand Total:           1 778       18    8 226


*******************************************************************************
*** ENTRY LIST
***

Entry                       Address  Size  Type      Object
-----                       -------  ----  ----      ------
.iar.init_table$$Base    0x800'0564         --   Gb  - Linker created -
.iar.init_table$$Limit   0x800'0574         --   Gb  - Linker created -
?main                    0x800'0575        Code  Gb  cmain.o [4]
CSTACK$$Base            0x2000'0028         --   Gb  - Linker created -
CSTACK$$Limit           0x2000'2028         --   Gb  - Linker created -
Region$$Table$$Base      0x800'0564         --   Gb  - Linker created -
Region$$Table$$Limit     0x800'0574         --   Gb  - Linker created -
SetSysClock              0x800'0415  0x9a  Code  Lc  system_stm32f30x.o [1]
SystemInit               0x800'03b5  0x60  Code  Gb  system_stm32f30x.o [1]
TIM2_IRQHandler          0x800'02e3  0x7c  Code  Gb  main.o [1]
__cmain                  0x800'0575        Code  Gb  cmain.o [4]
__exit                   0x800'05a9  0x14  Code  Gb  exit.o [5]
__iar_data_init3         0x800'0519  0x28  Code  Gb  data_init.o [4]
__iar_init_vfp           0x800'0541        Code  Gb  fpinit_M.o [3]
__iar_program_start      0x800'05cd        Code  Gb  cstartup_M.o [4]
__iar_zero_init3         0x800'04dd  0x3a  Code  Gb  zero_init3.o [4]
__low_level_init         0x800'0593   0x4  Code  Gb  low_level_init.o [2]
__vector_table           0x800'0000        Data  Gb  startup_stm32f30x.o [1]
_call_main               0x800'0581        Code  Gb  cmain.o [4]
_exit                    0x800'059d        Code  Gb  cexit.o [4]
_main                    0x800'058f        Code  Gb  cmain.o [4]
abilita                  0x800'01b9  0x1e  Code  Gb  main.o [1]
campioni                0x2000'0000  0x14  Data  Gb  main.o [1]
exit                     0x800'0597   0x4  Code  Gb  exit.o [2]
main                     0x800'0189  0x30  Code  Gb  main.o [1]
ricezione                0x800'02c7  0x1c  Code  Gb  main.o [1]
ris                     0x2000'0014   0x8  Data  Gb  main.o [1]
setup_GPIO               0x800'01f3  0x26  Code  Gb  main.o [1]
setup_TIM2               0x800'01d7  0x1c  Code  Gb  main.o [1]
setup_TIMNGR             0x800'0219  0x2c  Code  Gb  main.o [1]
setup_ricezione          0x800'02a7  0x20  Code  Gb  main.o [1]
setup_trasmissione       0x800'0245  0x20  Code  Gb  main.o [1]
start                    0x800'0265  0x12  Code  Gb  main.o [1]
stop                     0x800'0277  0x1e  Code  Gb  main.o [1]
testa                   0x2000'001c   0x4  Data  Gb  main.o [1]
trasmissione             0x800'0295  0x12  Code  Gb  main.o [1]
z                       0x2000'0020   0x2  Data  Gb  main.o [1]


[1] = C:\Users\Windows_10\Desktop\Mapi\Esercizi miei\readme\Debug\Obj
[2] = dl7M_tln.a
[3] = m7M_tls.a
[4] = rt7M_tl.a
[5] = shb_l.a

  1 778 bytes of readonly  code memory
     18 bytes of readonly  data memory
  8 226 bytes of readwrite data memory

Errors: none
Warnings: none
