###############################################################################
#
# IAR ELF Linker V8.30.2.160/W32 for ARM                  03/Jan/2019  18:15:01
# Copyright 2007-2018 IAR Systems AB.
#
#    Output file  =  
#        C:\Users\Windows_10\Desktop\Mapi\Esercizi
#        miei\readme2\Debug\Exe\esame.out
#    Map file     =  
#        C:\Users\Windows_10\Desktop\Mapi\Esercizi
#        miei\readme2\Debug\List\esame.map
#    Command line =  
#        -f C:\Users\WINDOW~1\AppData\Local\Temp\EW6BF7.tmp
#        ("C:\Users\Windows_10\Desktop\Mapi\Esercizi
#        miei\readme2\Debug\Obj\main.o" --no_out_extension -o
#        "C:\Users\Windows_10\Desktop\Mapi\Esercizi
#        miei\readme2\Debug\Exe\esame.out" --map
#        "C:\Users\Windows_10\Desktop\Mapi\Esercizi
#        miei\readme2\Debug\List\esame.map" --config "C:\Program Files
#        (x86)\IAR Systems\Embedded Workbench
#        8.1\arm\config\linker\ST\stm32f303xC.icf" --semihosting --entry
#        __iar_program_start --vfe --text_out locale)
#
###############################################################################

*******************************************************************************
*** RUNTIME MODEL ATTRIBUTES
***

CppFlavor       = *
__SystemLibrary = DLib
__dlib_version  = 6


*******************************************************************************
*** HEAP SELECTION
***

The basic heap was selected because some modules are built with
size limitations (and not runtime checking), and --advanced_heap
was not specified.


*******************************************************************************
*** PLACEMENT SUMMARY
***

"A0":  place at 0x800'0000 { ro section .intvec };
"P1":  place in [from 0x800'0000 to 0x803'ffff] { ro };
define block CSTACK with size = 8K, alignment = 8 { };
define block HEAP with size = 8K, alignment = 8 { };
"P2":  place in [from 0x2000'0000 to 0x2000'9fff] {
          rw, block CSTACK, block HEAP };

No sections matched the following patterns:

  rw               in "P2"
  section .ccmram  in "P3"


  Section   Kind         Address    Size  Object
  -------   ----         -------    ----  ------
"A0":                               0x40
  .intvec   ro code   0x800'0000    0x40  vector_table_M.o [4]
                    - 0x800'0040    0x40

"P1":                              0xf28
  .text     ro code   0x800'0040   0x448  cos_sin64.o [3]
  .text     ro code   0x800'0488   0x1a2  DblMul.o [3]
  .text     ro code   0x800'062a     0x2  vector_table_M.o [4]
  .text     ro code   0x800'062c    0x2e  DblCmpLe.o [3]
  .text     ro code   0x800'065c   0x17a  DblAdd.o [3]
  .text     ro code   0x800'07d8    0x3a  DblToS32.o [3]
  .text     ro code   0x800'0814    0x22  S32ToDbl.o [3]
  .text     ro code   0x800'0838    0xe2  DblSub.o [3]
  .text     ro code   0x800'091c   0x258  main.o [1]
  .text     ro code   0x800'0b74    0x1a  U32ToDbl.o [3]
  .text     ro code   0x800'0b90   0x246  DblDiv.o [3]
  .text     ro code   0x800'0dd8   0x102  sqrt.o [3]
  .text     ro code   0x800'0edc    0x12  math_wrappers64.o [3]
  .text     ro code   0x800'0ef0    0x22  fpinit_M.o [3]
  .text     ro code   0x800'0f14    0x1e  cmain.o [4]
  .text     ro code   0x800'0f32     0x4  low_level_init.o [2]
  .text     ro code   0x800'0f36     0x4  exit.o [2]
  .text     ro code   0x800'0f3c     0xa  cexit.o [4]
  .text     ro code   0x800'0f48    0x14  exit.o [5]
  .text     ro code   0x800'0f5c     0xc  cstartup_M.o [4]
                    - 0x800'0f68   0xf28

"P2":                             0x2000
  CSTACK             0x2000'0000  0x2000  <Block>
    CSTACK  uninit   0x2000'0000  0x2000  <Block tail>
                   - 0x2000'2000  0x2000

Unused ranges:

         From           To      Size
         ----           --      ----
   0x800'0f68   0x803'ffff  0x3'f098
  0x2000'2000  0x2000'9fff    0x8000



*******************************************************************************
*** MODULE SUMMARY
***

    Module             ro code  rw data
    ------             -------  -------
command line/config:
    -----------------------------------
    Total:

C:\Users\Windows_10\Desktop\Mapi\Esercizi miei\readme2\Debug\Obj: [1]
    main.o                 600
    -----------------------------------
    Total:                 600

dl7M_tln.a: [2]
    exit.o                   4
    low_level_init.o         4
    -----------------------------------
    Total:                   8

m7M_tls.a: [3]
    DblAdd.o               378
    DblCmpLe.o              46
    DblDiv.o               582
    DblMul.o               418
    DblSub.o               226
    DblToS32.o              58
    S32ToDbl.o              34
    U32ToDbl.o              26
    cos_sin64.o          1 096
    fpinit_M.o              34
    math_wrappers64.o       18
    sqrt.o                 258
    -----------------------------------
    Total:               3 174

rt7M_tl.a: [4]
    cexit.o                 10
    cmain.o                 30
    cstartup_M.o            12
    vector_table_M.o        66
    -----------------------------------
    Total:                 118

shb_l.a: [5]
    exit.o                  20
    -----------------------------------
    Total:                  20

    Gaps                    24
    Linker created                8 192
---------------------------------------
    Grand Total:         3 944    8 192


*******************************************************************************
*** ENTRY LIST
***

Entry                       Address   Size  Type      Object
-----                       -------   ----  ----      ------
?main                    0x800'0f15         Code  Gb  cmain.o [4]
CSTACK$$Base            0x2000'0000          --   Gb  - Linker created -
CSTACK$$Limit           0x2000'2000          --   Gb  - Linker created -
Region$$Table$$Base             0x0          --   Gb  - Linker created -
Region$$Table$$Limit            0x0          --   Gb  - Linker created -
__aeabi_cdcmple          0x800'062d         Code  Gb  DblCmpLe.o [3]
__aeabi_d2iz             0x800'07d9         Code  Gb  DblToS32.o [3]
__aeabi_dadd             0x800'065d         Code  Gb  DblAdd.o [3]
__aeabi_ddiv             0x800'0b91         Code  Gb  DblDiv.o [3]
__aeabi_dmul             0x800'0489         Code  Gb  DblMul.o [3]
__aeabi_dsub             0x800'0839         Code  Gb  DblSub.o [3]
__aeabi_i2d              0x800'0815         Code  Gb  S32ToDbl.o [3]
__aeabi_ui2d             0x800'0b75         Code  Gb  U32ToDbl.o [3]
__cmain                  0x800'0f15         Code  Gb  cmain.o [4]
__exit                   0x800'0f49   0x14  Code  Gb  exit.o [5]
__iar_Sin64              0x800'0041  0x3b2  Code  Lc  cos_sin64.o [3]
__iar_dadd               0x800'0849         Code  Gb  DblSub.o [3]
__iar_dsub               0x800'066d         Code  Gb  DblAdd.o [3]
__iar_dsubStart          0x800'067f         Code  Gb  DblAdd.o [3]
__iar_init_vfp           0x800'0ef1         Code  Gb  fpinit_M.o [3]
__iar_program_start      0x800'0f5d         Code  Gb  cstartup_M.o [4]
__iar_sin64              0x800'0485    0x4  Code  Gb  cos_sin64.o [3]
__iar_sin_medium         0x800'0485    0x4  Code  Gb  cos_sin64.o [3]
__iar_sin_medium64       0x800'0485    0x4  Code  Gb  cos_sin64.o [3]
__iar_sin_mediuml        0x800'0485    0x4  Code  Gb  cos_sin64.o [3]
__iar_sqrt64             0x800'0de9         Code  Gb  sqrt.o [3]
__iar_vfp___iar_sqrt64   0x800'0dd9         Code  Gb  sqrt.o [3]
__iar_vfp_sin            0x800'0ee3    0xc  Code  Gb  math_wrappers64.o [3]
__iar_vfp_sqrt           0x800'0dd9         Code  Gb  sqrt.o [3]
__iar_vfp_sqrtl          0x800'0dd9         Code  Gb  sqrt.o [3]
__low_level_init         0x800'0f33    0x4  Code  Gb  low_level_init.o [2]
__vector_table           0x800'0000         Data  Gb  vector_table_M.o [4]
_call_main               0x800'0f21         Code  Gb  cmain.o [4]
_exit                    0x800'0f3d         Code  Gb  cexit.o [4]
_main                    0x800'0f2f         Code  Gb  cmain.o [4]
abilita                  0x800'0a35   0x26  Code  Gb  main.o [1]
exit                     0x800'0f37    0x4  Code  Gb  exit.o [2]
genera                   0x800'0adf   0x4a  Code  Gb  main.o [1]
main                     0x800'091d  0x118  Code  Gb  main.o [1]
setup_ADC                0x800'0a6f   0x70  Code  Gb  main.o [1]
setup_DAC                0x800'0a5b   0x14  Code  Gb  main.o [1]
sin                      0x800'0485    0x4  Code  Gb  cos_sin64.o [3]
sinl                     0x800'0485    0x4  Code  Gb  cos_sin64.o [3]
sqrt                     0x800'0de9         Code  Gb  sqrt.o [3]
sqrtl                    0x800'0de9         Code  Gb  sqrt.o [3]


[1] = C:\Users\Windows_10\Desktop\Mapi\Esercizi miei\readme2\Debug\Obj
[2] = dl7M_tln.a
[3] = m7M_tls.a
[4] = rt7M_tl.a
[5] = shb_l.a

  3 944 bytes of readonly  code memory
  8 192 bytes of readwrite data memory

Errors: none
Warnings: none
