###############################################################################
#
# IAR ELF Linker V8.10.1.12857/W32 for ARM                19/Nov/2018  15:18:48
# Copyright 2007-2017 IAR Systems AB.
#
#    Output file  =  
#        C:\Users\Studente\Desktop\Esercizio 19-11-2018\Debug\Exe\Esercizio.out
#    Map file     =  
#        C:\Users\Studente\Desktop\Esercizio
#        19-11-2018\Debug\List\Esercizio.map
#    Command line =  
#        -f C:\Users\Studente\AppData\Local\Temp\EWF7A1.tmp
#        ("C:\Users\Studente\Desktop\Esercizio
#        19-11-2018\Debug\Obj\Untitled2.o" -o
#        "C:\Users\Studente\Desktop\Esercizio
#        19-11-2018\Debug\Exe\Esercizio.out" --map
#        "C:\Users\Studente\Desktop\Esercizio
#        19-11-2018\Debug\List\Esercizio.map" --config "C:\Program Files
#        (x86)\IAR Systems\Embedded Workbench
#        8.0\arm\config\linker\ST\stm32f303xC.icf" --semihosting --entry
#        __iar_program_start --vfe --text_out locale)
#
###############################################################################

*******************************************************************************
*** RUNTIME MODEL ATTRIBUTES
***

CppFlavor       = *
__SystemLibrary = DLib
__dlib_version  = 6


*******************************************************************************
*** HEAP SELECTION
***

The basic heap was selected because some modules are built with
size limitations (and not runtime checking), and --advanced_heap
was not specified.


*******************************************************************************
*** PLACEMENT SUMMARY
***

"A0":  place at 0x08000000 { ro section .intvec };
"P1":  place in [from 0x08000000 to 0x0803ffff] { ro };
"P2":  place in [from 0x20000000 to 0x20009fff] { rw, block CSTACK, block HEAP };

  Section   Kind        Address    Size  Object
  -------   ----        -------    ----  ------
"A0":                              0x40
  .intvec   ro code  0x08000000    0x40  vector_table_M.o [5]
                   - 0x08000040    0x40

"P1":                              0x74
  .text     ro code  0x08000040    0x22  fpinit_M.o [4]
  .text     ro code  0x08000062     0x2  vector_table_M.o [5]
  .text     ro code  0x08000064    0x1a  cmain.o [5]
  .text     ro code  0x0800007e     0x4  low_level_init.o [3]
  .text     ro code  0x08000082     0x2  Untitled2.o [1]
  .text     ro code  0x08000084     0x4  exit.o [3]
  .text     ro code  0x08000088     0xa  cexit.o [5]
  .text     ro code  0x08000094    0x14  exit.o [6]
  .text     ro code  0x080000a8     0xc  cstartup_M.o [5]
                   - 0x080000b4    0x74

"P2":                            0x2000
  CSTACK             0x20000000  0x2000  <Block>
    CSTACK  uninit   0x20000000  0x2000  <Block tail>
                   - 0x20002000  0x2000



*******************************************************************************
*** MODULE SUMMARY
***

    Module            ro code  rw data
    ------            -------  -------
C:\Users\Studente\Desktop\Esercizio 19-11-2018\Debug\Obj: [1]
    Untitled2.o             2
    ----------------------------------
    Total:                  2

command line: [2]
    ----------------------------------
    Total:

dl7M_tln.a: [3]
    exit.o                  4
    low_level_init.o        4
    ----------------------------------
    Total:                  8

m7M_tls.a: [4]
    fpinit_M.o             34
    ----------------------------------
    Total:                 34

rt7M_tl.a: [5]
    cexit.o                10
    cmain.o                26
    cstartup_M.o           12
    vector_table_M.o       66
    ----------------------------------
    Total:                114

shb_l.a: [6]
    exit.o                 20
    ----------------------------------
    Total:                 20

    Gaps                    2
    Linker created               8 192
--------------------------------------
    Grand Total:          180    8 192


*******************************************************************************
*** ENTRY LIST
***

Entry                      Address  Size  Type      Object
-----                      -------  ----  ----      ------
?main                   0x08000065        Code  Gb  cmain.o [5]
CSTACK$$Base            0x20000000         --   Gb  - Linker created -
CSTACK$$Limit           0x20002000         --   Gb  - Linker created -
Region$$Table$$Base     0x00000000         --   Gb  - Linker created -
Region$$Table$$Limit    0x00000000         --   Gb  - Linker created -
__cmain                 0x08000065        Code  Gb  cmain.o [5]
__exit                  0x08000095  0x14  Code  Gb  exit.o [6]
__iar_init_vfp          0x08000041        Code  Gb  fpinit_M.o [4]
__iar_program_start     0x080000a9        Code  Gb  cstartup_M.o [5]
__iar_systems$$module {Abs}
                        0x00000001        Data  Gb  command line/config [2]
__low_level_init        0x0800007f   0x4  Code  Gb  low_level_init.o [3]
__vector_table          0x08000000        Data  Gb  vector_table_M.o [5]
_call_main              0x08000071        Code  Gb  cmain.o [5]
_exit                   0x08000089        Code  Gb  cexit.o [5]
_main                   0x0800007b        Code  Gb  cmain.o [5]
exit                    0x08000085   0x4  Code  Gb  exit.o [3]
main                    0x08000083   0x2  Code  Gb  Untitled2.o [1]


[1] = C:\Users\Studente\Desktop\Esercizio 19-11-2018\Debug\Obj
[2] = command line
[3] = dl7M_tln.a
[4] = m7M_tls.a
[5] = rt7M_tl.a
[6] = shb_l.a

    180 bytes of readonly  code memory
  8 192 bytes of readwrite data memory

Errors: none
Warnings: none
