###############################################################################
#
# IAR ELF Linker V8.10.1.12857/W32 for ARM                12/Nov/2018  09:25:07
# Copyright 2007-2017 IAR Systems AB.
#
#    Output file  =  
#        C:\Users\Studente\Desktop\Esercizio 12-11-2018\Debug\Exe\Esercizio.out
#    Map file     =  
#        C:\Users\Studente\Desktop\Esercizio
#        12-11-2018\Debug\List\Esercizio.map
#    Command line =  
#        -f C:\Users\Studente\AppData\Local\Temp\EWA564.tmp
#        ("C:\Users\Studente\Desktop\Esercizio 12-11-2018\Debug\Obj\main.o"
#        "C:\Users\Studente\Desktop\Esercizio
#        12-11-2018\Debug\Obj\startup_stm32f30x.o"
#        "C:\Users\Studente\Desktop\Esercizio
#        12-11-2018\Debug\Obj\system_stm32f30x.o" -o
#        "C:\Users\Studente\Desktop\Esercizio
#        12-11-2018\Debug\Exe\Esercizio.out" --map
#        "C:\Users\Studente\Desktop\Esercizio
#        12-11-2018\Debug\List\Esercizio.map" --config "C:\Program Files
#        (x86)\IAR Systems\Embedded Workbench
#        8.0\arm\config\linker\ST\stm32f303xC.icf" --semihosting --entry
#        __iar_program_start --vfe --text_out locale)
#
###############################################################################

*******************************************************************************
*** RUNTIME MODEL ATTRIBUTES
***

CppFlavor       = *
__SystemLibrary = DLib
__dlib_version  = 6


*******************************************************************************
*** HEAP SELECTION
***

The basic heap was selected because some modules are built with
size limitations (and not runtime checking), and --advanced_heap
was not specified.


*******************************************************************************
*** PLACEMENT SUMMARY
***

"A0":  place at 0x08000000 { ro section .intvec };
"P1":  place in [from 0x08000000 to 0x0803ffff] { ro };
"P2":  place in [from 0x20000000 to 0x20009fff] { rw, block CSTACK, block HEAP };

  Section   Kind        Address    Size  Object
  -------   ----        -------    ----  ------
"A0":                             0x188
  .intvec   ro code  0x08000000   0x188  startup_stm32f30x.o [1]
                   - 0x08000188   0x188

"P1":                             0x3d4
  .text     ro code  0x08000188   0x164  system_stm32f30x.o [1]
  .text     ro code  0x080002ec    0xc0  main.o [1]
  .text     ro code  0x080003ac    0x22  fpinit_M.o [4]
  .text     ro code  0x080003d0    0x1a  cmain.o [5]
  .text     ro code  0x080003ea     0x4  low_level_init.o [3]
  .text     ro code  0x080003ee     0x4  exit.o [3]
  .text     ro code  0x080003f4     0xa  cexit.o [5]
  .text     ro code  0x08000400    0x14  exit.o [6]
  .text     ro code  0x08000414    0x10  startup_stm32f30x.o [1]
  .text     ro code  0x08000424     0xc  cstartup_M.o [5]
  .text     ro code  0x08000430     0x4  startup_stm32f30x.o [1]
  .text     ro code  0x08000434     0x4  startup_stm32f30x.o [1]
  .text     ro code  0x08000438     0x4  startup_stm32f30x.o [1]
  .text     ro code  0x0800043c     0x4  startup_stm32f30x.o [1]
  .text     ro code  0x08000440     0x4  startup_stm32f30x.o [1]
  .text     ro code  0x08000444     0x4  startup_stm32f30x.o [1]
  .text     ro code  0x08000448     0x4  startup_stm32f30x.o [1]
  .text     ro code  0x0800044c     0x4  startup_stm32f30x.o [1]
  .text     ro code  0x08000450     0x4  startup_stm32f30x.o [1]
  .text     ro code  0x08000454     0x4  startup_stm32f30x.o [1]
  .text     ro code  0x08000458     0x4  startup_stm32f30x.o [1]
  .text     ro code  0x0800045c     0x4  startup_stm32f30x.o [1]
  .text     ro code  0x08000460     0x4  startup_stm32f30x.o [1]
  .text     ro code  0x08000464     0x4  startup_stm32f30x.o [1]
  .text     ro code  0x08000468     0x4  startup_stm32f30x.o [1]
  .text     ro code  0x0800046c     0x4  startup_stm32f30x.o [1]
  .text     ro code  0x08000470     0x4  startup_stm32f30x.o [1]
  .text     ro code  0x08000474     0x4  startup_stm32f30x.o [1]
  .text     ro code  0x08000478     0x4  startup_stm32f30x.o [1]
  .text     ro code  0x0800047c     0x4  startup_stm32f30x.o [1]
  .text     ro code  0x08000480     0x4  startup_stm32f30x.o [1]
  .text     ro code  0x08000484     0x4  startup_stm32f30x.o [1]
  .text     ro code  0x08000488     0x4  startup_stm32f30x.o [1]
  .text     ro code  0x0800048c     0x4  startup_stm32f30x.o [1]
  .text     ro code  0x08000490     0x4  startup_stm32f30x.o [1]
  .text     ro code  0x08000494     0x4  startup_stm32f30x.o [1]
  .text     ro code  0x08000498     0x4  startup_stm32f30x.o [1]
  .text     ro code  0x0800049c     0x4  startup_stm32f30x.o [1]
  .text     ro code  0x080004a0     0x4  startup_stm32f30x.o [1]
  .text     ro code  0x080004a4     0x4  startup_stm32f30x.o [1]
  .text     ro code  0x080004a8     0x4  startup_stm32f30x.o [1]
  .text     ro code  0x080004ac     0x4  startup_stm32f30x.o [1]
  .text     ro code  0x080004b0     0x4  startup_stm32f30x.o [1]
  .text     ro code  0x080004b4     0x4  startup_stm32f30x.o [1]
  .text     ro code  0x080004b8     0x4  startup_stm32f30x.o [1]
  .text     ro code  0x080004bc     0x4  startup_stm32f30x.o [1]
  .text     ro code  0x080004c0     0x4  startup_stm32f30x.o [1]
  .text     ro code  0x080004c4     0x4  startup_stm32f30x.o [1]
  .text     ro code  0x080004c8     0x4  startup_stm32f30x.o [1]
  .text     ro code  0x080004cc     0x4  startup_stm32f30x.o [1]
  .text     ro code  0x080004d0     0x4  startup_stm32f30x.o [1]
  .text     ro code  0x080004d4     0x4  startup_stm32f30x.o [1]
  .text     ro code  0x080004d8     0x4  startup_stm32f30x.o [1]
  .text     ro code  0x080004dc     0x4  startup_stm32f30x.o [1]
  .text     ro code  0x080004e0     0x4  startup_stm32f30x.o [1]
  .text     ro code  0x080004e4     0x4  startup_stm32f30x.o [1]
  .text     ro code  0x080004e8     0x4  startup_stm32f30x.o [1]
  .text     ro code  0x080004ec     0x4  startup_stm32f30x.o [1]
  .text     ro code  0x080004f0     0x4  startup_stm32f30x.o [1]
  .text     ro code  0x080004f4     0x4  startup_stm32f30x.o [1]
  .text     ro code  0x080004f8     0x4  startup_stm32f30x.o [1]
  .text     ro code  0x080004fc     0x4  startup_stm32f30x.o [1]
  .text     ro code  0x08000500     0x4  startup_stm32f30x.o [1]
  .text     ro code  0x08000504     0x4  startup_stm32f30x.o [1]
  .text     ro code  0x08000508     0x4  startup_stm32f30x.o [1]
  .text     ro code  0x0800050c     0x4  startup_stm32f30x.o [1]
  .text     ro code  0x08000510     0x4  startup_stm32f30x.o [1]
  .text     ro code  0x08000514     0x4  startup_stm32f30x.o [1]
  .text     ro code  0x08000518     0x4  startup_stm32f30x.o [1]
  .text     ro code  0x0800051c     0x4  startup_stm32f30x.o [1]
  .text     ro code  0x08000520     0x4  startup_stm32f30x.o [1]
  .text     ro code  0x08000524     0x4  startup_stm32f30x.o [1]
  .text     ro code  0x08000528     0x4  startup_stm32f30x.o [1]
  .text     ro code  0x0800052c     0x4  startup_stm32f30x.o [1]
  .text     ro code  0x08000530     0x4  startup_stm32f30x.o [1]
  .text     ro code  0x08000534     0x4  startup_stm32f30x.o [1]
  .text     ro code  0x08000538     0x4  startup_stm32f30x.o [1]
  .text     ro code  0x0800053c     0x4  startup_stm32f30x.o [1]
  .text     ro code  0x08000540     0x4  startup_stm32f30x.o [1]
  .text     ro code  0x08000544     0x4  startup_stm32f30x.o [1]
  .text     ro code  0x08000548     0x4  startup_stm32f30x.o [1]
  .text     ro code  0x0800054c     0x4  startup_stm32f30x.o [1]
  .text     ro code  0x08000550     0x4  startup_stm32f30x.o [1]
  .text     ro code  0x08000554     0x4  startup_stm32f30x.o [1]
  .text     ro code  0x08000558     0x4  startup_stm32f30x.o [1]
                   - 0x0800055c   0x3d4

"P2":                            0x2000
  CSTACK             0x20000000  0x2000  <Block>
    CSTACK  uninit   0x20000000  0x2000  <Block tail>
                   - 0x20002000  0x2000



*******************************************************************************
*** MODULE SUMMARY
***

    Module               ro code  rw data
    ------               -------  -------
C:\Users\Studente\Desktop\Esercizio 12-11-2018\Debug\Obj: [1]
    main.o                   192
    startup_stm32f30x.o      708
    system_stm32f30x.o       356
    -------------------------------------
    Total:                 1 256

command line: [2]
    -------------------------------------
    Total:

dl7M_tln.a: [3]
    exit.o                     4
    low_level_init.o           4
    -------------------------------------
    Total:                     8

m7M_tls.a: [4]
    fpinit_M.o                34
    -------------------------------------
    Total:                    34

rt7M_tl.a: [5]
    cexit.o                   10
    cmain.o                   26
    cstartup_M.o              12
    -------------------------------------
    Total:                    48

shb_l.a: [6]
    exit.o                    20
    -------------------------------------
    Total:                    20

    Gaps                       6
    Linker created                  8 192
-----------------------------------------
    Grand Total:           1 372    8 192


*******************************************************************************
*** ENTRY LIST
***

Entry                      Address  Size  Type      Object
-----                      -------  ----  ----      ------
?main                   0x080003d1        Code  Gb  cmain.o [5]
CSTACK$$Base            0x20000000         --   Gb  - Linker created -
CSTACK$$Limit           0x20002000         --   Gb  - Linker created -
Region$$Table$$Base     0x00000000         --   Gb  - Linker created -
Region$$Table$$Limit    0x00000000         --   Gb  - Linker created -
SetSysClock             0x080001ff  0xc2  Code  Lc  system_stm32f30x.o [1]
SystemInit              0x08000189  0x76  Code  Gb  system_stm32f30x.o [1]
TIM2_IRQHandler         0x08000353  0x32  Code  Gb  main.o [1]
__cmain                 0x080003d1        Code  Gb  cmain.o [5]
__exit                  0x08000401  0x14  Code  Gb  exit.o [6]
__iar_init_vfp          0x080003ad        Code  Gb  fpinit_M.o [4]
__iar_program_start     0x08000425        Code  Gb  cstartup_M.o [5]
__iar_systems$$module {Abs}
                        0x00000001        Data  Gb  command line/config [2]
__low_level_init        0x080003eb   0x4  Code  Gb  low_level_init.o [3]
__vector_table          0x08000000        Data  Gb  startup_stm32f30x.o [1]
_call_main              0x080003dd        Code  Gb  cmain.o [5]
_exit                   0x080003f5        Code  Gb  cexit.o [5]
_main                   0x080003e7        Code  Gb  cmain.o [5]
exit                    0x080003ef   0x4  Code  Gb  exit.o [3]
main                    0x080002ed  0x66  Code  Gb  main.o [1]


[1] = C:\Users\Studente\Desktop\Esercizio 12-11-2018\Debug\Obj
[2] = command line
[3] = dl7M_tln.a
[4] = m7M_tls.a
[5] = rt7M_tl.a
[6] = shb_l.a

  1 372 bytes of readonly  code memory
  8 192 bytes of readwrite data memory

Errors: none
Warnings: none
