###############################################################################
#
# IAR ELF Linker V8.30.2.160/W32 for ARM                  06/Jan/2019  18:50:59
# Copyright 2007-2018 IAR Systems AB.
#
#    Output file  =  
#        C:\Users\Windows_10\Desktop\Mapi\Esercizi
#        miei\readme4\Debug\Exe\esame.out
#    Map file     =  
#        C:\Users\Windows_10\Desktop\Mapi\Esercizi
#        miei\readme4\Debug\List\esame.map
#    Command line =  
#        -f C:\Users\WINDOW~1\AppData\Local\Temp\EW6ED7.tmp
#        ("C:\Users\Windows_10\Desktop\Mapi\Esercizi
#        miei\readme4\Debug\Obj\esame.o"
#        "C:\Users\Windows_10\Desktop\Mapi\Esercizi
#        miei\readme4\Debug\Obj\startup_stm32f30x.o"
#        "C:\Users\Windows_10\Desktop\Mapi\Esercizi
#        miei\readme4\Debug\Obj\system_stm32f30x.o" --no_out_extension -o
#        "C:\Users\Windows_10\Desktop\Mapi\Esercizi
#        miei\readme4\Debug\Exe\esame.out" --map
#        "C:\Users\Windows_10\Desktop\Mapi\Esercizi
#        miei\readme4\Debug\List\esame.map" --config "C:\Program Files
#        (x86)\IAR Systems\Embedded Workbench
#        8.1\arm\config\linker\ST\stm32f303xC.icf" --semihosting --entry
#        __iar_program_start --vfe --text_out locale)
#
###############################################################################

*******************************************************************************
*** RUNTIME MODEL ATTRIBUTES
***

CppFlavor       = *
__SystemLibrary = DLib
__dlib_version  = 6


*******************************************************************************
*** HEAP SELECTION
***

The basic heap was selected because some modules are built with
size limitations (and not runtime checking), and --advanced_heap
was not specified.


*******************************************************************************
*** PLACEMENT SUMMARY
***

"A0":  place at 0x800'0000 { ro section .intvec };
"P1":  place in [from 0x800'0000 to 0x803'ffff] { ro };
define block CSTACK with size = 8K, alignment = 8 { };
define block HEAP with size = 8K, alignment = 8 { };
"P2":  place in [from 0x2000'0000 to 0x2000'9fff] {
          rw, block CSTACK, block HEAP };

No sections matched the following patterns:

  section .ccmram  in "P3"


  Section          Kind         Address    Size  Object
  -------          ----         -------    ----  ------
"A0":                                     0x188
  .intvec          ro code   0x800'0000   0x188  startup_stm32f30x.o [1]
                           - 0x800'0188   0x188

"P1":                                     0x48c
  .text            ro code   0x800'0188   0x13c  esame.o [1]
  .text            ro code   0x800'02c4   0x128  system_stm32f30x.o [1]
  .text            ro code   0x800'03ec    0x3a  zero_init3.o [4]
  .text            ro code   0x800'0428    0x28  data_init.o [4]
  .text            ro code   0x800'0450    0x22  fpinit_M.o [3]
  .iar.init_table  const     0x800'0474    0x10  - Linker created -
  .text            ro code   0x800'0484    0x1e  cmain.o [4]
  .text            ro code   0x800'04a2     0x4  low_level_init.o [2]
  .text            ro code   0x800'04a6     0x4  exit.o [2]
  .text            ro code   0x800'04ac     0xa  cexit.o [4]
  .text            ro code   0x800'04b8    0x14  exit.o [5]
  .text            ro code   0x800'04cc    0x10  startup_stm32f30x.o [1]
  .text            ro code   0x800'04dc     0xc  cstartup_M.o [4]
  .text            ro code   0x800'04e8     0x4  startup_stm32f30x.o [1]
  .text            ro code   0x800'04ec     0x4  startup_stm32f30x.o [1]
  .text            ro code   0x800'04f0     0x4  startup_stm32f30x.o [1]
  .text            ro code   0x800'04f4     0x4  startup_stm32f30x.o [1]
  .text            ro code   0x800'04f8     0x4  startup_stm32f30x.o [1]
  .text            ro code   0x800'04fc     0x4  startup_stm32f30x.o [1]
  .text            ro code   0x800'0500     0x4  startup_stm32f30x.o [1]
  .text            ro code   0x800'0504     0x4  startup_stm32f30x.o [1]
  .text            ro code   0x800'0508     0x4  startup_stm32f30x.o [1]
  .text            ro code   0x800'050c     0x4  startup_stm32f30x.o [1]
  .text            ro code   0x800'0510     0x4  startup_stm32f30x.o [1]
  .text            ro code   0x800'0514     0x4  startup_stm32f30x.o [1]
  .text            ro code   0x800'0518     0x4  startup_stm32f30x.o [1]
  .text            ro code   0x800'051c     0x4  startup_stm32f30x.o [1]
  .text            ro code   0x800'0520     0x4  startup_stm32f30x.o [1]
  .text            ro code   0x800'0524     0x4  startup_stm32f30x.o [1]
  .text            ro code   0x800'0528     0x4  startup_stm32f30x.o [1]
  .text            ro code   0x800'052c     0x4  startup_stm32f30x.o [1]
  .text            ro code   0x800'0530     0x4  startup_stm32f30x.o [1]
  .text            ro code   0x800'0534     0x4  startup_stm32f30x.o [1]
  .text            ro code   0x800'0538     0x4  startup_stm32f30x.o [1]
  .text            ro code   0x800'053c     0x4  startup_stm32f30x.o [1]
  .text            ro code   0x800'0540     0x4  startup_stm32f30x.o [1]
  .text            ro code   0x800'0544     0x4  startup_stm32f30x.o [1]
  .text            ro code   0x800'0548     0x4  startup_stm32f30x.o [1]
  .text            ro code   0x800'054c     0x4  startup_stm32f30x.o [1]
  .text            ro code   0x800'0550     0x4  startup_stm32f30x.o [1]
  .text            ro code   0x800'0554     0x4  startup_stm32f30x.o [1]
  .text            ro code   0x800'0558     0x4  startup_stm32f30x.o [1]
  .text            ro code   0x800'055c     0x4  startup_stm32f30x.o [1]
  .text            ro code   0x800'0560     0x4  startup_stm32f30x.o [1]
  .text            ro code   0x800'0564     0x4  startup_stm32f30x.o [1]
  .text            ro code   0x800'0568     0x4  startup_stm32f30x.o [1]
  .text            ro code   0x800'056c     0x4  startup_stm32f30x.o [1]
  .text            ro code   0x800'0570     0x4  startup_stm32f30x.o [1]
  .text            ro code   0x800'0574     0x4  startup_stm32f30x.o [1]
  .text            ro code   0x800'0578     0x4  startup_stm32f30x.o [1]
  .text            ro code   0x800'057c     0x4  startup_stm32f30x.o [1]
  .text            ro code   0x800'0580     0x4  startup_stm32f30x.o [1]
  .text            ro code   0x800'0584     0x4  startup_stm32f30x.o [1]
  .text            ro code   0x800'0588     0x4  startup_stm32f30x.o [1]
  .text            ro code   0x800'058c     0x4  startup_stm32f30x.o [1]
  .text            ro code   0x800'0590     0x4  startup_stm32f30x.o [1]
  .text            ro code   0x800'0594     0x4  startup_stm32f30x.o [1]
  .text            ro code   0x800'0598     0x4  startup_stm32f30x.o [1]
  .text            ro code   0x800'059c     0x4  startup_stm32f30x.o [1]
  .text            ro code   0x800'05a0     0x4  startup_stm32f30x.o [1]
  .text            ro code   0x800'05a4     0x4  startup_stm32f30x.o [1]
  .text            ro code   0x800'05a8     0x4  startup_stm32f30x.o [1]
  .text            ro code   0x800'05ac     0x4  startup_stm32f30x.o [1]
  .text            ro code   0x800'05b0     0x4  startup_stm32f30x.o [1]
  .text            ro code   0x800'05b4     0x4  startup_stm32f30x.o [1]
  .text            ro code   0x800'05b8     0x4  startup_stm32f30x.o [1]
  .text            ro code   0x800'05bc     0x4  startup_stm32f30x.o [1]
  .text            ro code   0x800'05c0     0x4  startup_stm32f30x.o [1]
  .text            ro code   0x800'05c4     0x4  startup_stm32f30x.o [1]
  .text            ro code   0x800'05c8     0x4  startup_stm32f30x.o [1]
  .text            ro code   0x800'05cc     0x4  startup_stm32f30x.o [1]
  .text            ro code   0x800'05d0     0x4  startup_stm32f30x.o [1]
  .text            ro code   0x800'05d4     0x4  startup_stm32f30x.o [1]
  .text            ro code   0x800'05d8     0x4  startup_stm32f30x.o [1]
  .text            ro code   0x800'05dc     0x4  startup_stm32f30x.o [1]
  .text            ro code   0x800'05e0     0x4  startup_stm32f30x.o [1]
  .text            ro code   0x800'05e4     0x4  startup_stm32f30x.o [1]
  .text            ro code   0x800'05e8     0x4  startup_stm32f30x.o [1]
  .text            ro code   0x800'05ec     0x4  startup_stm32f30x.o [1]
  .text            ro code   0x800'05f0     0x4  startup_stm32f30x.o [1]
  .text            ro code   0x800'05f4     0x4  startup_stm32f30x.o [1]
  .text            ro code   0x800'05f8     0x4  startup_stm32f30x.o [1]
  .text            ro code   0x800'05fc     0x4  startup_stm32f30x.o [1]
  .text            ro code   0x800'0600     0x4  startup_stm32f30x.o [1]
  .text            ro code   0x800'0604     0x4  startup_stm32f30x.o [1]
  .text            ro code   0x800'0608     0x4  startup_stm32f30x.o [1]
  .text            ro code   0x800'060c     0x4  startup_stm32f30x.o [1]
  .text            ro code   0x800'0610     0x4  startup_stm32f30x.o [1]
  .rodata          const     0x800'0614     0x0  zero_init3.o [4]
                           - 0x800'0614   0x48c

"P2", part 1 of 2:                          0x4
  .bss             zero     0x2000'0000     0x4  esame.o [1]
                          - 0x2000'0004     0x4

"P2", part 2 of 2:                       0x2000
  CSTACK                    0x2000'0008  0x2000  <Block>
    CSTACK         uninit   0x2000'0008  0x2000  <Block tail>
                          - 0x2000'2008  0x2000

Unused ranges:

         From           To      Size
         ----           --      ----
   0x800'0614   0x803'ffff  0x3'f9ec
  0x2000'0004  0x2000'0007       0x4
  0x2000'2008  0x2000'9fff    0x7ff8


*******************************************************************************
*** INIT TABLE
***

          Address      Size
          -------      ----
Zero (__iar_zero_init3)
    1 destination range, total size 0x4:
          0x2000'0000   0x4



*******************************************************************************
*** MODULE SUMMARY
***

    Module               ro code  ro data  rw data
    ------               -------  -------  -------
command line/config:
    ----------------------------------------------
    Total:

C:\Users\Windows_10\Desktop\Mapi\Esercizi miei\readme4\Debug\Obj: [1]
    esame.o                  316                 4
    startup_stm32f30x.o      708
    system_stm32f30x.o       296
    ----------------------------------------------
    Total:                 1 320                 4

dl7M_tln.a: [2]
    exit.o                     4
    low_level_init.o           4
    ----------------------------------------------
    Total:                     8

m7M_tls.a: [3]
    fpinit_M.o                34
    ----------------------------------------------
    Total:                    34

rt7M_tl.a: [4]
    cexit.o                   10
    cmain.o                   30
    cstartup_M.o              12
    data_init.o               40
    zero_init3.o              58
    ----------------------------------------------
    Total:                   150

shb_l.a: [5]
    exit.o                    20
    ----------------------------------------------
    Total:                    20

    Gaps                       6        2
    Linker created                     16    8 192
--------------------------------------------------
    Grand Total:           1 538       18    8 196


*******************************************************************************
*** ENTRY LIST
***

Entry                       Address  Size  Type      Object
-----                       -------  ----  ----      ------
.iar.init_table$$Base    0x800'0474         --   Gb  - Linker created -
.iar.init_table$$Limit   0x800'0484         --   Gb  - Linker created -
?main                    0x800'0485        Code  Gb  cmain.o [4]
CSTACK$$Base            0x2000'0008         --   Gb  - Linker created -
CSTACK$$Limit           0x2000'2008         --   Gb  - Linker created -
EXTI0_IRQHandler         0x800'0253  0x30  Code  Gb  esame.o [1]
Region$$Table$$Base      0x800'0474         --   Gb  - Linker created -
Region$$Table$$Limit     0x800'0484         --   Gb  - Linker created -
SetSysClock              0x800'0325  0x9a  Code  Lc  system_stm32f30x.o [1]
SystemInit               0x800'02c5  0x60  Code  Gb  system_stm32f30x.o [1]
__cmain                  0x800'0485        Code  Gb  cmain.o [4]
__exit                   0x800'04b9  0x14  Code  Gb  exit.o [5]
__iar_data_init3         0x800'0429  0x28  Code  Gb  data_init.o [4]
__iar_init_vfp           0x800'0451        Code  Gb  fpinit_M.o [3]
__iar_program_start      0x800'04dd        Code  Gb  cstartup_M.o [4]
__iar_zero_init3         0x800'03ed  0x3a  Code  Gb  zero_init3.o [4]
__low_level_init         0x800'04a3   0x4  Code  Gb  low_level_init.o [2]
__vector_table           0x800'0000        Data  Gb  startup_stm32f30x.o [1]
_call_main               0x800'0491        Code  Gb  cmain.o [4]
_exit                    0x800'04ad        Code  Gb  cexit.o [4]
_main                    0x800'049f        Code  Gb  cmain.o [4]
abilita                  0x800'01ef  0x1e  Code  Gb  esame.o [1]
exit                     0x800'04a7   0x4  Code  Gb  exit.o [2]
i                       0x2000'0000   0x4  Data  Gb  esame.o [1]
main                     0x800'0189  0x66  Code  Gb  esame.o [1]
setup_EXTI               0x800'0229  0x2a  Code  Gb  esame.o [1]
setup_TIM7               0x800'020d  0x1c  Code  Gb  esame.o [1]


[1] = C:\Users\Windows_10\Desktop\Mapi\Esercizi miei\readme4\Debug\Obj
[2] = dl7M_tln.a
[3] = m7M_tls.a
[4] = rt7M_tl.a
[5] = shb_l.a

  1 538 bytes of readonly  code memory
     18 bytes of readonly  data memory
  8 196 bytes of readwrite data memory

Errors: none
Warnings: none
