###############################################################################
#
# IAR ELF Linker V8.10.1.12857/W32 for ARM                03/Dec/2018  09:27:45
# Copyright 2007-2017 IAR Systems AB.
#
#    Output file  =  
#        C:\Users\Studente\Desktop\Esercitazione
#        3-12-18\Debug\Exe\esercitazione.out
#    Map file     =  
#        C:\Users\Studente\Desktop\Esercitazione
#        3-12-18\Debug\List\esercitazione.map
#    Command line =  
#        -f C:\Users\Studente\AppData\Local\Temp\EWD808.tmp
#        ("C:\Users\Studente\Desktop\Esercitazione 3-12-18\Debug\Obj\main.o" -o
#        "C:\Users\Studente\Desktop\Esercitazione
#        3-12-18\Debug\Exe\esercitazione.out" --map
#        "C:\Users\Studente\Desktop\Esercitazione
#        3-12-18\Debug\List\esercitazione.map" --config "C:\Program Files
#        (x86)\IAR Systems\Embedded Workbench
#        8.0\arm\config\linker\ST\stm32f303xC.icf" --semihosting --entry
#        __iar_program_start --vfe --text_out locale)
#
###############################################################################

*******************************************************************************
*** RUNTIME MODEL ATTRIBUTES
***

CppFlavor       = *
__SystemLibrary = DLib
__dlib_version  = 6


*******************************************************************************
*** HEAP SELECTION
***

The basic heap was selected because some modules are built with
size limitations (and not runtime checking), and --advanced_heap
was not specified.


*******************************************************************************
*** PLACEMENT SUMMARY
***

"A0":  place at 0x08000000 { ro section .intvec };
"P1":  place in [from 0x08000000 to 0x0803ffff] { ro };
"P2":  place in [from 0x20000000 to 0x20009fff] { rw, block CSTACK, block HEAP };
initialize by copy { rw };

  Section            Kind        Address    Size  Object
  -------            ----        -------    ----  ------
"A0":                                       0x40
  .intvec            ro code  0x08000000    0x40  vector_table_M.o [5]
                            - 0x08000040    0x40

"P1":                                     0x1afc
  .text              ro code  0x08000040   0xbf6  xprintflarge_nomb.o [3]
  .text              ro code  0x08000c36     0x2  vector_table_M.o [5]
  .text              ro code  0x08000c38    0x16  strchr.o [5]
  .text              ro code  0x08000c50    0x44  xfail_s.o [3]
  .text              ro code  0x08000c94    0x36  strlen.o [5]
  .text              ro code  0x08000ccc    0x58  memchr.o [5]
  .text              ro code  0x08000d24    0xee  I64DivMod.o [5]
  .text              ro code  0x08000e14   0x192  DblMul.o [4]
  .text              ro code  0x08000fa8    0x76  ABImemcpy_unaligned.o [5]
  .text              ro code  0x08001020    0x70  frexp.o [4]
  .text              ro code  0x08001090    0x2e  DblCmpLe.o [4]
  .text              ro code  0x080010c0   0x246  DblDiv.o [4]
  .text              ro code  0x08001308    0x28  DblToU32.o [4]
  .text              ro code  0x08001330    0x1a  U32ToDbl.o [4]
  .text              ro code  0x0800134c    0xe2  DblSub.o [4]
  .text              ro code  0x0800142e     0xe  div.o [3]
  .text              ro code  0x0800143c     0x6  abort.o [3]
  .text              ro code  0x08001444     0x2  I64DivZer.o [5]
  .text              ro code  0x08001448   0x168  DblAdd.o [4]
  .text              ro code  0x080015b0    0x14  exit.o [6]
  .text              ro code  0x080015c4    0x68  iarttio.o [6]
  .text              ro code  0x0800162c     0x8  XShttio.o [3]
  .text              ro code  0x08001634   0x214  main.o [1]
  .text              ro code  0x08001848    0x28  printf.o [3]
  .text              ro code  0x08001870    0x22  S32ToDbl.o [4]
  .text              ro code  0x08001894    0x68  DblToFlt.o [4]
  .text              ro code  0x080018fc    0x48  FltToDbl.o [4]
  .rodata            const    0x08001944    0x30  main.o [1]
  .text              ro code  0x08001974    0x2c  copy_init3.o [5]
  .text              ro code  0x080019a0    0x28  putchar.o [3]
  .text              ro code  0x080019c8    0x10  write.o [6]
  .text              ro code  0x080019d8    0x1e  dwrite.o [6]
  .text              ro code  0x080019f6    0x20  iarwstd.o [6]
  .text              ro code  0x08001a16    0x22  iarwrite.o [6]
  .text              ro code  0x08001a38    0x28  data_init.o [5]
  .text              ro code  0x08001a60    0x22  fpinit_M.o [4]
  .iar.init_table    const    0x08001a84    0x14  - Linker created -
  .text              ro code  0x08001a98    0x1a  cmain.o [5]
  .text              ro code  0x08001ab2     0x4  low_level_init.o [3]
  .text              ro code  0x08001ab6     0x4  exit.o [3]
  .text              ro code  0x08001abc     0xa  cexit.o [5]
  .text              ro code  0x08001ac6    0x16  xprout.o [3]
  .rodata            const    0x08001adc    0x10  main.o [1]
  .rodata            const    0x08001aec    0x10  main.o [1]
  .rodata            const    0x08001afc     0xc  main.o [1]
  .rodata            const    0x08001b08     0xc  main.o [1]
  .text              ro code  0x08001b14     0xc  cstartup_M.o [5]
  Initializer bytes  const    0x08001b20     0xc  <for P2-1>
  .rodata            const    0x08001b2c     0x8  main.o [1]
  .rodata            const    0x08001b34     0x8  main.o [1]
  .rodata            const    0x08001b3c     0x0  copy_init3.o [5]
                            - 0x08001b3c  0x1afc

"P2", part 1 of 2:                           0xc
  P2-1                        0x20000000     0xc  <Init block>
    .data            inited   0x20000000     0x8  XShttio.o [3]
    .bss             inited   0x20000008     0x4  xfail_s.o [3]
                            - 0x2000000c     0xc

"P2", part 2 of 2:                        0x2000
  CSTACK                      0x20000010  0x2000  <Block>
    CSTACK           uninit   0x20000010  0x2000  <Block tail>
                            - 0x20002010  0x2000


*******************************************************************************
*** INIT TABLE
***

          Address     Size
          -------     ----
Copy (__iar_copy_init3)
    1 source range, total size 0xc:
          0x08001b20   0xc
    1 destination range, total size 0xc:
          0x20000000   0xc



*******************************************************************************
*** MODULE SUMMARY
***

    Module                 ro code  ro data  rw data
    ------                 -------  -------  -------
C:\Users\Studente\Desktop\Esercitazione 3-12-18\Debug\Obj: [1]
    main.o                     532      120
    ------------------------------------------------
    Total:                     532      120

command line: [2]
    ------------------------------------------------
    Total:

dl7M_tln.a: [3]
    XShttio.o                    8        8        8
    abort.o                      6
    div.o                       14
    exit.o                       4
    low_level_init.o             4
    printf.o                    40
    putchar.o                   40
    xfail_s.o                   68        4        4
    xprintflarge_nomb.o      3 062
    xprout.o                    22
    ------------------------------------------------
    Total:                   3 268       12       12

m7M_tls.a: [4]
    DblAdd.o                   360
    DblCmpLe.o                  46
    DblDiv.o                   582
    DblMul.o                   402
    DblSub.o                   226
    DblToFlt.o                 104
    DblToU32.o                  40
    FltToDbl.o                  72
    S32ToDbl.o                  34
    U32ToDbl.o                  26
    fpinit_M.o                  34
    frexp.o                    112
    ------------------------------------------------
    Total:                   2 038

rt7M_tl.a: [5]
    ABImemcpy_unaligned.o      118
    I64DivMod.o                238
    I64DivZer.o                  2
    cexit.o                     10
    cmain.o                     26
    copy_init3.o                44
    cstartup_M.o                12
    data_init.o                 40
    memchr.o                    88
    strchr.o                    22
    strlen.o                    54
    vector_table_M.o            66
    ------------------------------------------------
    Total:                     720

shb_l.a: [6]
    dwrite.o                    30
    exit.o                      20
    iarttio.o                  104
    iarwrite.o                  34
    iarwstd.o                   32
    write.o                     16
    ------------------------------------------------
    Total:                     236

    Gaps                        24        2
    Linker created                       20    8 192
----------------------------------------------------
    Grand Total:             6 818      154    8 204


*******************************************************************************
*** ENTRY LIST
***

Entry                      Address   Size  Type      Object
-----                      -------   ----  ----      ------
.iar.init_table$$Base   0x08001a84          --   Gb  - Linker created -
.iar.init_table$$Limit  0x08001a98          --   Gb  - Linker created -
?main                   0x08001a99         Code  Gb  cmain.o [5]
CSTACK$$Base            0x20000010          --   Gb  - Linker created -
CSTACK$$Limit           0x20002010          --   Gb  - Linker created -
LoadInt                 0x080001d7   0x7a  Code  Lc  xprintflarge_nomb.o [3]
Region$$Table$$Base     0x08001a84          --   Gb  - Linker created -
Region$$Table$$Limit    0x08001a98          --   Gb  - Linker created -
_GenldLargeNoMb         0x08000971  0x232  Code  Lc  xprintflarge_nomb.o [3]
_LdtobLargeNoMb         0x0800070b  0x23e  Code  Lc  xprintflarge_nomb.o [3]
_LitobLargeNoMb         0x080005bb  0x10a  Code  Lc  xprintflarge_nomb.o [3]
_PrintfLargeNoMb        0x08000041  0x190  Code  Gb  xprintflarge_nomb.o [3]
_Prout                  0x08001ac7   0x16  Code  Gb  xprout.o [3]
_PutcharsLargeNoMb      0x08000ba3   0x2e  Code  Lc  xprintflarge_nomb.o [3]
_PutfldLargeNoMb        0x08000251  0x25c  Code  Lc  xprintflarge_nomb.o [3]
_PuttxtLargeNoMb        0x080004ad  0x10e  Code  Lc  xprintflarge_nomb.o [3]
__aeabi_cdcmple         0x08001091         Code  Gb  DblCmpLe.o [4]
__aeabi_d2f             0x08001895         Code  Gb  DblToFlt.o [4]
__aeabi_d2uiz           0x08001309         Code  Gb  DblToU32.o [4]
__aeabi_ddiv            0x080010c1         Code  Gb  DblDiv.o [4]
__aeabi_dmul            0x08000e15         Code  Gb  DblMul.o [4]
__aeabi_dsub            0x0800134d         Code  Gb  DblSub.o [4]
__aeabi_f2d             0x080018fd         Code  Gb  FltToDbl.o [4]
__aeabi_i2d             0x08001871         Code  Gb  S32ToDbl.o [4]
__aeabi_ldiv0           0x08001445         Code  Gb  I64DivZer.o [5]
__aeabi_ui2d            0x08001331         Code  Gb  U32ToDbl.o [4]
__aeabi_uldivmod        0x08000d25         Code  Gb  I64DivMod.o [5]
__cmain                 0x08001a99         Code  Gb  cmain.o [5]
__dwrite                0x080019d9   0x1e  Code  Gb  dwrite.o [6]
__exit                  0x080015b1   0x14  Code  Gb  exit.o [6]
__iar_Fail_s            0x08000c51   0x1e  Code  Gb  xfail_s.o [3]
__iar_Memchr            0x08000ccd         Code  Gb  memchr.o [5]
__iar_Strchr            0x08000c39         Code  Gb  strchr.o [5]
__iar_close_ttio        0x080015c5   0x2c  Code  Gb  iarttio.o [6]
__iar_copy_init3        0x08001975   0x2c  Code  Gb  copy_init3.o [5]
__iar_dadd              0x0800135d         Code  Gb  DblSub.o [4]
__iar_data_init3        0x08001a39   0x28  Code  Gb  data_init.o [5]
__iar_dsub              0x08001449         Code  Gb  DblAdd.o [4]
__iar_dsubStart         0x0800145b         Code  Gb  DblAdd.o [4]
__iar_frexp             0x0800102d         Code  Gb  frexp.o [4]
__iar_frexpl            0x0800102d         Code  Gb  frexp.o [4]
__iar_get_ttio          0x080015f1   0x38  Code  Gb  iarttio.o [6]
__iar_init_vfp          0x08001a61         Code  Gb  fpinit_M.o [4]
__iar_lookup_ttioh      0x0800162d    0x8  Code  Gb  XShttio.o [3]
__iar_program_start     0x08001b15         Code  Gb  cstartup_M.o [5]
__iar_sh_stdout         0x080019f7   0x20  Code  Gb  iarwstd.o [6]
__iar_sh_write          0x08001a17   0x22  Code  Gb  iarwrite.o [6]
__iar_softfp___iar_frexp64
                        0x08001021         Code  Gb  frexp.o [4]
__iar_softfp_frexp      0x08001021         Code  Gb  frexp.o [4]
__iar_softfp_frexpl     0x08001021         Code  Gb  frexp.o [4]
__iar_systems$$module {Abs}
                        0x00000001         Data  Gb  command line/config [2]
__iar_ttio_handles      0x20000000    0x8  Data  Lc  XShttio.o [3]
__iar_unaligned_memcpy  0x08000fa9         Code  Gb  ABImemcpy_unaligned.o [5]
__iar_unaligned_memcpy4
                        0x08000fc9         Code  Gb  ABImemcpy_unaligned.o [5]
__iar_unaligned_memcpy8
                        0x08000fc9         Code  Gb  ABImemcpy_unaligned.o [5]
__low_level_init        0x08001ab3    0x4  Code  Gb  low_level_init.o [3]
__vector_table          0x08000000         Data  Gb  vector_table_M.o [5]
__write                 0x080019c9   0x10  Code  Gb  write.o [6]
_call_main              0x08001aa5         Code  Gb  cmain.o [5]
_exit                   0x08001abd         Code  Gb  cexit.o [5]
_main                   0x08001aaf         Code  Gb  cmain.o [5]
abort                   0x0800143d    0x6  Code  Gb  abort.o [3]
div                     0x0800142f    0xe  Code  Gb  div.o [3]
exit                    0x08001ab7    0x4  Code  Gb  exit.o [3]
main                    0x08001635  0x214  Code  Gb  main.o [1]
memchr                  0x08000ccd         Code  Gb  memchr.o [5]
printf                  0x08001849   0x28  Code  Gb  printf.o [3]
putchar                 0x080019a1   0x28  Code  Gb  putchar.o [3]
scale                   0x080006c5   0x46  Code  Lc  xprintflarge_nomb.o [3]
sec_hand                0x20000008    0x4  Data  Lc  xfail_s.o [3]
strchr                  0x08000c39         Code  Gb  strchr.o [5]
strlen                  0x08000c95         Code  Gb  strlen.o [5]


[1] = C:\Users\Studente\Desktop\Esercitazione 3-12-18\Debug\Obj
[2] = command line
[3] = dl7M_tln.a
[4] = m7M_tls.a
[5] = rt7M_tl.a
[6] = shb_l.a

  6 818 bytes of readonly  code memory
    154 bytes of readonly  data memory
  8 204 bytes of readwrite data memory

Errors: none
Warnings: none
