###############################################################################
#
# IAR ELF Linker V8.30.2.160/W32 for ARM                  04/Jan/2019  18:15:55
# Copyright 2007-2018 IAR Systems AB.
#
#    Output file  =  
#        C:\Users\Windows_10\Desktop\Mapi\Esercizi laboratorio\Esercizio
#        10-12-2018\Debug\Exe\esame.out
#    Map file     =  
#        C:\Users\Windows_10\Desktop\Mapi\Esercizi laboratorio\Esercizio
#        10-12-2018\Debug\List\esame.map
#    Command line =  
#        -f C:\Users\WINDOW~1\AppData\Local\Temp\EW9CEB.tmp
#        ("C:\Users\Windows_10\Desktop\Mapi\Esercizi laboratorio\Esercizio
#        10-12-2018\Debug\Obj\main.o" --no_out_extension -o
#        "C:\Users\Windows_10\Desktop\Mapi\Esercizi laboratorio\Esercizio
#        10-12-2018\Debug\Exe\esame.out" --map
#        "C:\Users\Windows_10\Desktop\Mapi\Esercizi laboratorio\Esercizio
#        10-12-2018\Debug\List\esame.map" --config "C:\Program Files (x86)\IAR
#        Systems\Embedded Workbench 8.1\arm\config\linker\ST\stm32f303xC.icf"
#        --semihosting --entry __iar_program_start --vfe --text_out locale)
#
###############################################################################

*******************************************************************************
*** RUNTIME MODEL ATTRIBUTES
***

CppFlavor       = *
__SystemLibrary = DLib
__dlib_version  = 6


*******************************************************************************
*** HEAP SELECTION
***

The basic heap was selected because some modules are built with
size limitations (and not runtime checking), and --advanced_heap
was not specified.


*******************************************************************************
*** PLACEMENT SUMMARY
***

"A0":  place at 0x800'0000 { ro section .intvec };
"P1":  place in [from 0x800'0000 to 0x803'ffff] { ro };
define block CSTACK with size = 8K, alignment = 8 { };
define block HEAP with size = 8K, alignment = 8 { };
"P2":  place in [from 0x2000'0000 to 0x2000'9fff] {
          rw, block CSTACK, block HEAP };

No sections matched the following patterns:

  section .ccmram  in "P3"


  Section          Kind         Address    Size  Object
  -------          ----         -------    ----  ------
"A0":                                      0x40
  .intvec          ro code   0x800'0000    0x40  vector_table_M.o [4]
                           - 0x800'0040    0x40

"P1":                                     0xb20
  .text            ro code   0x800'0040   0x2b8  main.o [1]
  .text            ro code   0x800'02f8    0x1a  U32ToDbl.o [3]
  .text            ro code   0x800'0312    0x3a  zero_init3.o [4]
  .text            ro code   0x800'034c   0x17a  DblAdd.o [3]
  .text            ro code   0x800'04c6     0x2  vector_table_M.o [4]
  .text            ro code   0x800'04c8   0x1a2  DblMul.o [3]
  .text            ro code   0x800'066c   0x246  DblDiv.o [3]
  .text            ro code   0x800'08b4   0x102  sqrt.o [3]
  .text            ro code   0x800'09b8    0x22  S32ToDbl.o [3]
  .text            ro code   0x800'09dc    0xd2  DblSub.o [3]
  .text            ro code   0x800'0ab0    0x28  data_init.o [4]
  .text            ro code   0x800'0ad8    0x22  fpinit_M.o [3]
  .iar.init_table  const     0x800'0afc    0x10  - Linker created -
  .text            ro code   0x800'0b0c    0x1e  cmain.o [4]
  .text            ro code   0x800'0b2a     0x4  low_level_init.o [2]
  .text            ro code   0x800'0b2e     0x4  exit.o [2]
  .text            ro code   0x800'0b34     0xa  cexit.o [4]
  .text            ro code   0x800'0b40    0x14  exit.o [5]
  .text            ro code   0x800'0b54     0xc  cstartup_M.o [4]
  .rodata          const     0x800'0b60     0x0  zero_init3.o [4]
                           - 0x800'0b60   0xb20

"P2", part 1 of 2:                        0xaf0
  .bss             zero     0x2000'0000   0x7d0  main.o [1]
  .bss             zero     0x2000'07d0   0x320  main.o [1]
                          - 0x2000'0af0   0xaf0

"P2", part 2 of 2:                       0x2000
  CSTACK                    0x2000'0af0  0x2000  <Block>
    CSTACK         uninit   0x2000'0af0  0x2000  <Block tail>
                          - 0x2000'2af0  0x2000

Unused ranges:

         From           To      Size
         ----           --      ----
   0x800'0b60   0x803'ffff  0x3'f4a0
  0x2000'2af0  0x2000'9fff    0x7510


*******************************************************************************
*** INIT TABLE
***

          Address      Size
          -------      ----
Zero (__iar_zero_init3)
    1 destination range, total size 0xaf0:
          0x2000'0000  0xaf0



*******************************************************************************
*** MODULE SUMMARY
***

    Module            ro code  ro data  rw data
    ------            -------  -------  -------
command line/config:
    -------------------------------------------
    Total:

C:\Users\Windows_10\Desktop\Mapi\Esercizi laboratorio\Esercizio 10-12-2018\Debug\Obj: [1]
    main.o                696             2 800
    -------------------------------------------
    Total:                696             2 800

dl7M_tln.a: [2]
    exit.o                  4
    low_level_init.o        4
    -------------------------------------------
    Total:                  8

m7M_tls.a: [3]
    DblAdd.o              378
    DblDiv.o              582
    DblMul.o              418
    DblSub.o              210
    S32ToDbl.o             34
    U32ToDbl.o             26
    fpinit_M.o             34
    sqrt.o                258
    -------------------------------------------
    Total:              1 940

rt7M_tl.a: [4]
    cexit.o                10
    cmain.o                30
    cstartup_M.o           12
    data_init.o            40
    vector_table_M.o       66
    zero_init3.o           58
    -------------------------------------------
    Total:                216

shb_l.a: [5]
    exit.o                 20
    -------------------------------------------
    Total:                 20

    Gaps                   14        2
    Linker created                  16    8 192
-----------------------------------------------
    Grand Total:        2 894       18   10 992


*******************************************************************************
*** ENTRY LIST
***

Entry                       Address   Size  Type      Object
-----                       -------   ----  ----      ------
.iar.init_table$$Base    0x800'0afc          --   Gb  - Linker created -
.iar.init_table$$Limit   0x800'0b0c          --   Gb  - Linker created -
?main                    0x800'0b0d         Code  Gb  cmain.o [4]
CSTACK$$Base            0x2000'0af0          --   Gb  - Linker created -
CSTACK$$Limit           0x2000'2af0          --   Gb  - Linker created -
Region$$Table$$Base      0x800'0afc          --   Gb  - Linker created -
Region$$Table$$Limit     0x800'0b0c          --   Gb  - Linker created -
__aeabi_dadd             0x800'034d         Code  Gb  DblAdd.o [3]
__aeabi_ddiv             0x800'066d         Code  Gb  DblDiv.o [3]
__aeabi_dmul             0x800'04c9         Code  Gb  DblMul.o [3]
__aeabi_i2d              0x800'09b9         Code  Gb  S32ToDbl.o [3]
__aeabi_ui2d             0x800'02f9         Code  Gb  U32ToDbl.o [3]
__cmain                  0x800'0b0d         Code  Gb  cmain.o [4]
__exit                   0x800'0b41   0x14  Code  Gb  exit.o [5]
__iar_dadd               0x800'09dd         Code  Gb  DblSub.o [3]
__iar_data_init3         0x800'0ab1   0x28  Code  Gb  data_init.o [4]
__iar_dsub               0x800'035d         Code  Gb  DblAdd.o [3]
__iar_dsubStart          0x800'036f         Code  Gb  DblAdd.o [3]
__iar_init_vfp           0x800'0ad9         Code  Gb  fpinit_M.o [3]
__iar_program_start      0x800'0b55         Code  Gb  cstartup_M.o [4]
__iar_sqrt64             0x800'08c5         Code  Gb  sqrt.o [3]
__iar_vfp___iar_sqrt64   0x800'08b5         Code  Gb  sqrt.o [3]
__iar_vfp_sqrt           0x800'08b5         Code  Gb  sqrt.o [3]
__iar_vfp_sqrtl          0x800'08b5         Code  Gb  sqrt.o [3]
__iar_zero_init3         0x800'0313   0x3a  Code  Gb  zero_init3.o [4]
__low_level_init         0x800'0b2b    0x4  Code  Gb  low_level_init.o [2]
__vector_table           0x800'0000         Data  Gb  vector_table_M.o [4]
_call_main               0x800'0b19         Code  Gb  cmain.o [4]
_exit                    0x800'0b35         Code  Gb  cexit.o [4]
_main                    0x800'0b27         Code  Gb  cmain.o [4]
abilita                  0x800'0105   0x2e  Code  Gb  main.o [1]
campioni_ADC            0x2000'0000  0x7d0  Data  Gb  main.o [1]
campioni_DAC            0x2000'07d0  0x320  Data  Gb  main.o [1]
exit                     0x800'0b2f    0x4  Code  Gb  exit.o [2]
genera                   0x800'025b   0x30  Code  Gb  main.o [1]
main                     0x800'0041   0xc4  Code  Gb  main.o [1]
setup_ADC                0x800'0187   0x7e  Code  Gb  main.o [1]
setup_DAC                0x800'0133   0x3c  Code  Gb  main.o [1]
setup_DMA                0x800'0205   0x56  Code  Gb  main.o [1]
setup_TIM2               0x800'016f   0x18  Code  Gb  main.o [1]
sqrt                     0x800'08c5         Code  Gb  sqrt.o [3]
sqrtl                    0x800'08c5         Code  Gb  sqrt.o [3]


[1] = C:\Users\Windows_10\Desktop\Mapi\Esercizi laboratorio\Esercizio 10-12-2018\Debug\Obj
[2] = dl7M_tln.a
[3] = m7M_tls.a
[4] = rt7M_tl.a
[5] = shb_l.a

   2 894 bytes of readonly  code memory
      18 bytes of readonly  data memory
  10 992 bytes of readwrite data memory

Errors: none
Warnings: none
