###############################################################################
#
# IAR ELF Linker V8.32.1.169/W32 for ARM                  17/Dec/2018  23:54:22
# Copyright 2007-2018 IAR Systems AB.
#
#    Output file  =  C:\Users\spena\Desktop\esercizio 2\Debug\Exe\progetto.out
#    Map file     =  C:\Users\spena\Desktop\esercizio 2\Debug\List\progetto.map
#    Command line =  
#        -f C:\Users\spena\AppData\Local\Temp\EWF670.tmp
#        ("C:\Users\spena\Desktop\esercizio 2\Debug\Obj\main.o"
#        "C:\Users\spena\Desktop\esercizio 2\Debug\Obj\startup_stm32f30x.o"
#        "C:\Users\spena\Desktop\esercizio 2\Debug\Obj\system_stm32f30x.o"
#        --no_out_extension -o "C:\Users\spena\Desktop\esercizio
#        2\Debug\Exe\progetto.out" --redirect _Printf=_PrintfFullNoMb
#        --redirect _Scanf=_ScanfFullNoMb --map
#        "C:\Users\spena\Desktop\esercizio 2\Debug\List\progetto.map" --config
#        "C:\Program Files (x86)\IAR Systems\Embedded Workbench
#        8.2\arm\config\linker\ST\stm32f303xC.icf" --semihosting --entry
#        __iar_program_start --vfe --text_out locale)
#
###############################################################################

*******************************************************************************
*** RUNTIME MODEL ATTRIBUTES
***

CppFlavor       = *
__SystemLibrary = DLib
__dlib_version  = 6


*******************************************************************************
*** HEAP SELECTION
***

The basic heap was selected because some modules are built with
size limitations (and not runtime checking), and --advanced_heap
was not specified.


*******************************************************************************
*** PLACEMENT SUMMARY
***

"A0":  place at 0x800'0000 { ro section .intvec };
"P1":  place in [from 0x800'0000 to 0x803'ffff] { ro };
define block CSTACK with size = 8K, alignment = 8 { };
define block HEAP with size = 8K, alignment = 8 { };
"P2":  place in [from 0x2000'0000 to 0x2000'9fff] {
          rw, block CSTACK, block HEAP };

No sections matched the following patterns:

  section .ccmram  in "P3"


  Section          Kind         Address    Size  Object
  -------          ----         -------    ----  ------
"A0":                                     0x188
  .intvec          ro code   0x800'0000   0x188  startup_stm32f30x.o [1]
                           - 0x800'0188   0x188

"P1":                                    0x1290
  .text            ro code   0x800'0188   0x440  cos_sin64.o [3]
  .text            ro code   0x800'05c8   0x1a2  DblMul.o [3]
  .text            ro code   0x800'076a    0x3a  zero_init3.o [4]
  .text            ro code   0x800'07a4    0x2e  DblCmpLe.o [3]
  .text            ro code   0x800'07d4   0x17a  DblAdd.o [3]
  .text            ro code   0x800'0950    0x3a  DblToS32.o [3]
  .text            ro code   0x800'098c    0x22  S32ToDbl.o [3]
  .text            ro code   0x800'09b0    0xe2  DblSub.o [3]
  .text            ro code   0x800'0a94   0x364  main.o [1]
  .text            ro code   0x800'0df8   0x246  DblDiv.o [3]
  .text            ro code   0x800'1040    0x12  math_wrappers64.o [3]
  .text            ro code   0x800'1054    0x68  DblToFlt.o [3]
  .text            ro code   0x800'10bc    0x48  FltToDbl.o [3]
  .text            ro code   0x800'1104   0x128  system_stm32f30x.o [1]
  .text            ro code   0x800'122c    0x28  data_init.o [4]
  .text            ro code   0x800'1254    0x22  fpinit_M.o [3]
  .iar.init_table  const     0x800'1278    0x10  - Linker created -
  .text            ro code   0x800'1288    0x1e  cmain.o [4]
  .text            ro code   0x800'12a6     0x4  low_level_init.o [2]
  .text            ro code   0x800'12aa     0x4  exit.o [2]
  .text            ro code   0x800'12b0     0xa  cexit.o [4]
  .text            ro code   0x800'12bc    0x14  exit.o [5]
  .text            ro code   0x800'12d0    0x10  startup_stm32f30x.o [1]
  .text            ro code   0x800'12e0     0xc  cstartup_M.o [4]
  .text            ro code   0x800'12ec     0x4  startup_stm32f30x.o [1]
  .text            ro code   0x800'12f0     0x4  startup_stm32f30x.o [1]
  .text            ro code   0x800'12f4     0x4  startup_stm32f30x.o [1]
  .text            ro code   0x800'12f8     0x4  startup_stm32f30x.o [1]
  .text            ro code   0x800'12fc     0x4  startup_stm32f30x.o [1]
  .text            ro code   0x800'1300     0x4  startup_stm32f30x.o [1]
  .text            ro code   0x800'1304     0x4  startup_stm32f30x.o [1]
  .text            ro code   0x800'1308     0x4  startup_stm32f30x.o [1]
  .text            ro code   0x800'130c     0x4  startup_stm32f30x.o [1]
  .text            ro code   0x800'1310     0x4  startup_stm32f30x.o [1]
  .text            ro code   0x800'1314     0x4  startup_stm32f30x.o [1]
  .text            ro code   0x800'1318     0x4  startup_stm32f30x.o [1]
  .text            ro code   0x800'131c     0x4  startup_stm32f30x.o [1]
  .text            ro code   0x800'1320     0x4  startup_stm32f30x.o [1]
  .text            ro code   0x800'1324     0x4  startup_stm32f30x.o [1]
  .text            ro code   0x800'1328     0x4  startup_stm32f30x.o [1]
  .text            ro code   0x800'132c     0x4  startup_stm32f30x.o [1]
  .text            ro code   0x800'1330     0x4  startup_stm32f30x.o [1]
  .text            ro code   0x800'1334     0x4  startup_stm32f30x.o [1]
  .text            ro code   0x800'1338     0x4  startup_stm32f30x.o [1]
  .text            ro code   0x800'133c     0x4  startup_stm32f30x.o [1]
  .text            ro code   0x800'1340     0x4  startup_stm32f30x.o [1]
  .text            ro code   0x800'1344     0x4  startup_stm32f30x.o [1]
  .text            ro code   0x800'1348     0x4  startup_stm32f30x.o [1]
  .text            ro code   0x800'134c     0x4  startup_stm32f30x.o [1]
  .text            ro code   0x800'1350     0x4  startup_stm32f30x.o [1]
  .text            ro code   0x800'1354     0x4  startup_stm32f30x.o [1]
  .text            ro code   0x800'1358     0x4  startup_stm32f30x.o [1]
  .text            ro code   0x800'135c     0x4  startup_stm32f30x.o [1]
  .text            ro code   0x800'1360     0x4  startup_stm32f30x.o [1]
  .text            ro code   0x800'1364     0x4  startup_stm32f30x.o [1]
  .text            ro code   0x800'1368     0x4  startup_stm32f30x.o [1]
  .text            ro code   0x800'136c     0x4  startup_stm32f30x.o [1]
  .text            ro code   0x800'1370     0x4  startup_stm32f30x.o [1]
  .text            ro code   0x800'1374     0x4  startup_stm32f30x.o [1]
  .text            ro code   0x800'1378     0x4  startup_stm32f30x.o [1]
  .text            ro code   0x800'137c     0x4  startup_stm32f30x.o [1]
  .text            ro code   0x800'1380     0x4  startup_stm32f30x.o [1]
  .text            ro code   0x800'1384     0x4  startup_stm32f30x.o [1]
  .text            ro code   0x800'1388     0x4  startup_stm32f30x.o [1]
  .text            ro code   0x800'138c     0x4  startup_stm32f30x.o [1]
  .text            ro code   0x800'1390     0x4  startup_stm32f30x.o [1]
  .text            ro code   0x800'1394     0x4  startup_stm32f30x.o [1]
  .text            ro code   0x800'1398     0x4  startup_stm32f30x.o [1]
  .text            ro code   0x800'139c     0x4  startup_stm32f30x.o [1]
  .text            ro code   0x800'13a0     0x4  startup_stm32f30x.o [1]
  .text            ro code   0x800'13a4     0x4  startup_stm32f30x.o [1]
  .text            ro code   0x800'13a8     0x4  startup_stm32f30x.o [1]
  .text            ro code   0x800'13ac     0x4  startup_stm32f30x.o [1]
  .text            ro code   0x800'13b0     0x4  startup_stm32f30x.o [1]
  .text            ro code   0x800'13b4     0x4  startup_stm32f30x.o [1]
  .text            ro code   0x800'13b8     0x4  startup_stm32f30x.o [1]
  .text            ro code   0x800'13bc     0x4  startup_stm32f30x.o [1]
  .text            ro code   0x800'13c0     0x4  startup_stm32f30x.o [1]
  .text            ro code   0x800'13c4     0x4  startup_stm32f30x.o [1]
  .text            ro code   0x800'13c8     0x4  startup_stm32f30x.o [1]
  .text            ro code   0x800'13cc     0x4  startup_stm32f30x.o [1]
  .text            ro code   0x800'13d0     0x4  startup_stm32f30x.o [1]
  .text            ro code   0x800'13d4     0x4  startup_stm32f30x.o [1]
  .text            ro code   0x800'13d8     0x4  startup_stm32f30x.o [1]
  .text            ro code   0x800'13dc     0x4  startup_stm32f30x.o [1]
  .text            ro code   0x800'13e0     0x4  startup_stm32f30x.o [1]
  .text            ro code   0x800'13e4     0x4  startup_stm32f30x.o [1]
  .text            ro code   0x800'13e8     0x4  startup_stm32f30x.o [1]
  .text            ro code   0x800'13ec     0x4  startup_stm32f30x.o [1]
  .text            ro code   0x800'13f0     0x4  startup_stm32f30x.o [1]
  .text            ro code   0x800'13f4     0x4  startup_stm32f30x.o [1]
  .text            ro code   0x800'13f8     0x4  startup_stm32f30x.o [1]
  .text            ro code   0x800'13fc     0x4  startup_stm32f30x.o [1]
  .text            ro code   0x800'1400     0x4  startup_stm32f30x.o [1]
  .text            ro code   0x800'1404     0x4  startup_stm32f30x.o [1]
  .text            ro code   0x800'1408     0x4  startup_stm32f30x.o [1]
  .text            ro code   0x800'140c     0x4  startup_stm32f30x.o [1]
  .text            ro code   0x800'1410     0x4  startup_stm32f30x.o [1]
  .text            ro code   0x800'1414     0x4  startup_stm32f30x.o [1]
  .rodata          const     0x800'1418     0x0  zero_init3.o [4]
                           - 0x800'1418  0x1290

"P2", part 1 of 2:                        0x190
  .bss             zero     0x2000'0000    0xc8  main.o [1]
  .bss             zero     0x2000'00c8    0xc8  main.o [1]
                          - 0x2000'0190   0x190

"P2", part 2 of 2:                       0x2000
  CSTACK                    0x2000'0190  0x2000  <Block>
    CSTACK         uninit   0x2000'0190  0x2000  <Block tail>
                          - 0x2000'2190  0x2000

Unused ranges:

         From           To      Size
         ----           --      ----
   0x800'1418   0x803'ffff  0x3'ebe8
  0x2000'2190  0x2000'9fff    0x7e70


*******************************************************************************
*** INIT TABLE
***

          Address      Size
          -------      ----
Zero (__iar_zero_init3)
    1 destination range, total size 0x190:
          0x2000'0000  0x190



*******************************************************************************
*** MODULE SUMMARY
***

    Module               ro code  ro data  rw data
    ------               -------  -------  -------
command line/config:
    ----------------------------------------------
    Total:

C:\Users\spena\Desktop\esercizio 2\Debug\Obj: [1]
    main.o                   868               400
    startup_stm32f30x.o      708
    system_stm32f30x.o       296
    ----------------------------------------------
    Total:                 1 872               400

dl7M_tln.a: [2]
    exit.o                     4
    low_level_init.o           4
    ----------------------------------------------
    Total:                     8

m7M_tls.a: [3]
    DblAdd.o                 378
    DblCmpLe.o                46
    DblDiv.o                 582
    DblMul.o                 418
    DblSub.o                 226
    DblToFlt.o               104
    DblToS32.o                58
    FltToDbl.o                72
    S32ToDbl.o                34
    cos_sin64.o            1 088
    fpinit_M.o                34
    math_wrappers64.o         18
    ----------------------------------------------
    Total:                 3 058

rt7M_tl.a: [4]
    cexit.o                   10
    cmain.o                   30
    cstartup_M.o              12
    data_init.o               40
    zero_init3.o              58
    ----------------------------------------------
    Total:                   150

shb_l.a: [5]
    exit.o                    20
    ----------------------------------------------
    Total:                    20

    Gaps                      18        2
    Linker created                     16    8 192
--------------------------------------------------
    Grand Total:           5 126       18    8 592


*******************************************************************************
*** ENTRY LIST
***

Entry                       Address   Size  Type      Object
-----                       -------   ----  ----      ------
.iar.init_table$$Base    0x800'1278          --   Gb  - Linker created -
.iar.init_table$$Limit   0x800'1288          --   Gb  - Linker created -
?main                    0x800'1289         Code  Gb  cmain.o [4]
CSTACK$$Base            0x2000'0190          --   Gb  - Linker created -
CSTACK$$Limit           0x2000'2190          --   Gb  - Linker created -
EXTI0_IRQHandler         0x800'0ced   0x62  Code  Gb  main.o [1]
LUT                     0x2000'0000   0xc8  Data  Gb  main.o [1]
LUT2                    0x2000'00c8   0xc8  Data  Gb  main.o [1]
Region$$Table$$Base      0x800'1278          --   Gb  - Linker created -
Region$$Table$$Limit     0x800'1288          --   Gb  - Linker created -
SetSysClock              0x800'1165   0x9a  Code  Lc  system_stm32f30x.o [1]
SystemInit               0x800'1105   0x60  Code  Gb  system_stm32f30x.o [1]
__aeabi_cdcmple          0x800'07a5         Code  Gb  DblCmpLe.o [3]
__aeabi_d2f              0x800'1055         Code  Gb  DblToFlt.o [3]
__aeabi_d2iz             0x800'0951         Code  Gb  DblToS32.o [3]
__aeabi_dadd             0x800'07d5         Code  Gb  DblAdd.o [3]
__aeabi_ddiv             0x800'0df9         Code  Gb  DblDiv.o [3]
__aeabi_dmul             0x800'05c9         Code  Gb  DblMul.o [3]
__aeabi_dsub             0x800'09b1         Code  Gb  DblSub.o [3]
__aeabi_f2d              0x800'10bd         Code  Gb  FltToDbl.o [3]
__aeabi_i2d              0x800'098d         Code  Gb  S32ToDbl.o [3]
__cmain                  0x800'1289         Code  Gb  cmain.o [4]
__exit                   0x800'12bd   0x14  Code  Gb  exit.o [5]
__iar_Sin64              0x800'0189  0x3aa  Code  Lc  cos_sin64.o [3]
__iar_dadd               0x800'09c1         Code  Gb  DblSub.o [3]
__iar_data_init3         0x800'122d   0x28  Code  Gb  data_init.o [4]
__iar_dsub               0x800'07e5         Code  Gb  DblAdd.o [3]
__iar_dsubStart          0x800'07f7         Code  Gb  DblAdd.o [3]
__iar_init_vfp           0x800'1255         Code  Gb  fpinit_M.o [3]
__iar_program_start      0x800'12e1         Code  Gb  cstartup_M.o [4]
__iar_sin64              0x800'05c5    0x4  Code  Gb  cos_sin64.o [3]
__iar_sin_medium         0x800'05c5    0x4  Code  Gb  cos_sin64.o [3]
__iar_sin_medium64       0x800'05c5    0x4  Code  Gb  cos_sin64.o [3]
__iar_sin_mediuml        0x800'05c5    0x4  Code  Gb  cos_sin64.o [3]
__iar_vfp_sin            0x800'1047    0xc  Code  Gb  math_wrappers64.o [3]
__iar_zero_init3         0x800'076b   0x3a  Code  Gb  zero_init3.o [4]
__low_level_init         0x800'12a7    0x4  Code  Gb  low_level_init.o [2]
__vector_table           0x800'0000         Data  Gb  startup_stm32f30x.o [1]
_call_main               0x800'1295         Code  Gb  cmain.o [4]
_exit                    0x800'12b1         Code  Gb  cexit.o [4]
_main                    0x800'12a3         Code  Gb  cmain.o [4]
abilita_led_user         0x800'0aef   0x18  Code  Gb  main.o [1]
abilita_periferiche      0x800'0ac3   0x2c  Code  Gb  main.o [1]
exit                     0x800'12ab    0x4  Code  Gb  exit.o [2]
fseno                    0x800'0b09   0x76  Code  Gb  main.o [1]
main                     0x800'0a95   0x2e  Code  Gb  main.o [1]
setup_ADC                0x800'0bcb   0x88  Code  Gb  main.o [1]
setup_DAC                0x800'0c53   0x1c  Code  Gb  main.o [1]
setup_DMA1               0x800'0c6f   0x36  Code  Gb  main.o [1]
setup_DMA2               0x800'0ca5   0x3e  Code  Gb  main.o [1]
setup_TIM2               0x800'0b7f   0x26  Code  Gb  main.o [1]
setup_user_interrupt     0x800'0ba5   0x26  Code  Gb  main.o [1]
sin                      0x800'05c5    0x4  Code  Gb  cos_sin64.o [3]
sinl                     0x800'05c5    0x4  Code  Gb  cos_sin64.o [3]


[1] = C:\Users\spena\Desktop\esercizio 2\Debug\Obj
[2] = dl7M_tln.a
[3] = m7M_tls.a
[4] = rt7M_tl.a
[5] = shb_l.a

  5 126 bytes of readonly  code memory
     18 bytes of readonly  data memory
  8 592 bytes of readwrite data memory

Errors: none
Warnings: none
