###############################################################################
#
# IAR ELF Linker V8.30.2.160/W32 for ARM                  07/Jan/2019  17:55:20
# Copyright 2007-2018 IAR Systems AB.
#
#    Output file  =  
#        C:\Users\Windows_10\Desktop\Mapi\Esercizi
#        miei\readme3\Debug\Exe\esame.out
#    Map file     =  
#        C:\Users\Windows_10\Desktop\Mapi\Esercizi
#        miei\readme3\Debug\List\esame.map
#    Command line =  
#        -f C:\Users\WINDOW~1\AppData\Local\Temp\EWD88C.tmp
#        ("C:\Users\Windows_10\Desktop\Mapi\Esercizi
#        miei\readme3\Debug\Obj\main.o"
#        "C:\Users\Windows_10\Desktop\Mapi\Esercizi
#        miei\readme3\Debug\Obj\startup_stm32f30x.o"
#        "C:\Users\Windows_10\Desktop\Mapi\Esercizi
#        miei\readme3\Debug\Obj\system_stm32f30x.o" --no_out_extension -o
#        "C:\Users\Windows_10\Desktop\Mapi\Esercizi
#        miei\readme3\Debug\Exe\esame.out" --map
#        "C:\Users\Windows_10\Desktop\Mapi\Esercizi
#        miei\readme3\Debug\List\esame.map" --config "C:\Program Files
#        (x86)\IAR Systems\Embedded Workbench
#        8.1\arm\config\linker\ST\stm32f303xC.icf" --semihosting --entry
#        __iar_program_start --vfe --text_out locale)
#
###############################################################################

*******************************************************************************
*** RUNTIME MODEL ATTRIBUTES
***

CppFlavor       = *
__SystemLibrary = DLib
__dlib_version  = 6


*******************************************************************************
*** HEAP SELECTION
***

The basic heap was selected because some modules are built with
size limitations (and not runtime checking), and --advanced_heap
was not specified.


*******************************************************************************
*** PLACEMENT SUMMARY
***

"A0":  place at 0x800'0000 { ro section .intvec };
"P1":  place in [from 0x800'0000 to 0x803'ffff] { ro };
define block CSTACK with size = 8K, alignment = 8 { };
define block HEAP with size = 8K, alignment = 8 { };
"P2":  place in [from 0x2000'0000 to 0x2000'9fff] {
          rw, block CSTACK, block HEAP };

No sections matched the following patterns:

  section .ccmram  in "P3"


  Section          Kind         Address    Size  Object
  -------          ----         -------    ----  ------
"A0":                                     0x188
  .intvec          ro code   0x800'0000   0x188  startup_stm32f30x.o [1]
                           - 0x800'0188   0x188

"P1":                                    0x1d70
  .text            ro code   0x800'0188   0xb28  pow64.o [3]
  .text            ro code   0x800'0cb0    0x20  DblCmpEq.o [3]
  .text            ro code   0x800'0cd0    0x70  frexp.o [3]
  .text            ro code   0x800'0d40    0x2e  DblCmpLe.o [3]
  .text            ro code   0x800'0d6e    0x3a  zero_init3.o [4]
  .text            ro code   0x800'0da8   0x1a2  DblMul.o [3]
  .text            ro code   0x800'0f4c   0x17a  DblAdd.o [3]
  .text            ro code   0x800'10c8    0x3a  DblToS32.o [3]
  .text            ro code   0x800'1104    0x22  S32ToDbl.o [3]
  .text            ro code   0x800'1128    0xe2  DblSub.o [3]
  .text            ro code   0x800'120c   0x246  DblDiv.o [3]
  .text            ro code   0x800'1454    0x2e  DblCmpGe.o [3]
  .text            ro code   0x800'1484   0x404  iar_Exp64.o [3]
  .text            ro code   0x800'1888   0x13a  ldexp.o [3]
  .text            ro code   0x800'19c4   0x1ec  main.o [1]
  .text            ro code   0x800'1bb0    0x16  math_wrappers64.o [3]
  .text            ro code   0x800'1bc8    0x1a  U32ToDbl.o [3]
  .text            ro code   0x800'1be4   0x128  system_stm32f30x.o [1]
  .text            ro code   0x800'1d0c    0x28  data_init.o [4]
  .text            ro code   0x800'1d34    0x22  fpinit_M.o [3]
  .iar.init_table  const     0x800'1d58    0x10  - Linker created -
  .text            ro code   0x800'1d68    0x1e  cmain.o [4]
  .text            ro code   0x800'1d86     0x4  low_level_init.o [2]
  .text            ro code   0x800'1d8a     0x4  exit.o [2]
  .text            ro code   0x800'1d90     0xa  cexit.o [4]
  .text            ro code   0x800'1d9c    0x14  exit.o [5]
  .text            ro code   0x800'1db0    0x10  startup_stm32f30x.o [1]
  .text            ro code   0x800'1dc0     0xc  cstartup_M.o [4]
  .text            ro code   0x800'1dcc     0x4  startup_stm32f30x.o [1]
  .text            ro code   0x800'1dd0     0x4  startup_stm32f30x.o [1]
  .text            ro code   0x800'1dd4     0x4  startup_stm32f30x.o [1]
  .text            ro code   0x800'1dd8     0x4  startup_stm32f30x.o [1]
  .text            ro code   0x800'1ddc     0x4  startup_stm32f30x.o [1]
  .text            ro code   0x800'1de0     0x4  startup_stm32f30x.o [1]
  .text            ro code   0x800'1de4     0x4  startup_stm32f30x.o [1]
  .text            ro code   0x800'1de8     0x4  startup_stm32f30x.o [1]
  .text            ro code   0x800'1dec     0x4  startup_stm32f30x.o [1]
  .text            ro code   0x800'1df0     0x4  startup_stm32f30x.o [1]
  .text            ro code   0x800'1df4     0x4  startup_stm32f30x.o [1]
  .text            ro code   0x800'1df8     0x4  startup_stm32f30x.o [1]
  .text            ro code   0x800'1dfc     0x4  startup_stm32f30x.o [1]
  .text            ro code   0x800'1e00     0x4  startup_stm32f30x.o [1]
  .text            ro code   0x800'1e04     0x4  startup_stm32f30x.o [1]
  .text            ro code   0x800'1e08     0x4  startup_stm32f30x.o [1]
  .text            ro code   0x800'1e0c     0x4  startup_stm32f30x.o [1]
  .text            ro code   0x800'1e10     0x4  startup_stm32f30x.o [1]
  .text            ro code   0x800'1e14     0x4  startup_stm32f30x.o [1]
  .text            ro code   0x800'1e18     0x4  startup_stm32f30x.o [1]
  .text            ro code   0x800'1e1c     0x4  startup_stm32f30x.o [1]
  .text            ro code   0x800'1e20     0x4  startup_stm32f30x.o [1]
  .text            ro code   0x800'1e24     0x4  startup_stm32f30x.o [1]
  .text            ro code   0x800'1e28     0x4  startup_stm32f30x.o [1]
  .text            ro code   0x800'1e2c     0x4  startup_stm32f30x.o [1]
  .text            ro code   0x800'1e30     0x4  startup_stm32f30x.o [1]
  .text            ro code   0x800'1e34     0x4  startup_stm32f30x.o [1]
  .text            ro code   0x800'1e38     0x4  startup_stm32f30x.o [1]
  .text            ro code   0x800'1e3c     0x4  startup_stm32f30x.o [1]
  .text            ro code   0x800'1e40     0x4  startup_stm32f30x.o [1]
  .text            ro code   0x800'1e44     0x4  startup_stm32f30x.o [1]
  .text            ro code   0x800'1e48     0x4  startup_stm32f30x.o [1]
  .text            ro code   0x800'1e4c     0x4  startup_stm32f30x.o [1]
  .text            ro code   0x800'1e50     0x4  startup_stm32f30x.o [1]
  .text            ro code   0x800'1e54     0x4  startup_stm32f30x.o [1]
  .text            ro code   0x800'1e58     0x4  startup_stm32f30x.o [1]
  .text            ro code   0x800'1e5c     0x4  startup_stm32f30x.o [1]
  .text            ro code   0x800'1e60     0x4  startup_stm32f30x.o [1]
  .text            ro code   0x800'1e64     0x4  startup_stm32f30x.o [1]
  .text            ro code   0x800'1e68     0x4  startup_stm32f30x.o [1]
  .text            ro code   0x800'1e6c     0x4  startup_stm32f30x.o [1]
  .text            ro code   0x800'1e70     0x4  startup_stm32f30x.o [1]
  .text            ro code   0x800'1e74     0x4  startup_stm32f30x.o [1]
  .text            ro code   0x800'1e78     0x4  startup_stm32f30x.o [1]
  .text            ro code   0x800'1e7c     0x4  startup_stm32f30x.o [1]
  .text            ro code   0x800'1e80     0x4  startup_stm32f30x.o [1]
  .text            ro code   0x800'1e84     0x4  startup_stm32f30x.o [1]
  .text            ro code   0x800'1e88     0x4  startup_stm32f30x.o [1]
  .text            ro code   0x800'1e8c     0x4  startup_stm32f30x.o [1]
  .text            ro code   0x800'1e90     0x4  startup_stm32f30x.o [1]
  .text            ro code   0x800'1e94     0x4  startup_stm32f30x.o [1]
  .text            ro code   0x800'1e98     0x4  startup_stm32f30x.o [1]
  .text            ro code   0x800'1e9c     0x4  startup_stm32f30x.o [1]
  .text            ro code   0x800'1ea0     0x4  startup_stm32f30x.o [1]
  .text            ro code   0x800'1ea4     0x4  startup_stm32f30x.o [1]
  .text            ro code   0x800'1ea8     0x4  startup_stm32f30x.o [1]
  .text            ro code   0x800'1eac     0x4  startup_stm32f30x.o [1]
  .text            ro code   0x800'1eb0     0x4  startup_stm32f30x.o [1]
  .text            ro code   0x800'1eb4     0x4  startup_stm32f30x.o [1]
  .text            ro code   0x800'1eb8     0x4  startup_stm32f30x.o [1]
  .text            ro code   0x800'1ebc     0x4  startup_stm32f30x.o [1]
  .text            ro code   0x800'1ec0     0x4  startup_stm32f30x.o [1]
  .text            ro code   0x800'1ec4     0x4  startup_stm32f30x.o [1]
  .text            ro code   0x800'1ec8     0x4  startup_stm32f30x.o [1]
  .text            ro code   0x800'1ecc     0x4  startup_stm32f30x.o [1]
  .text            ro code   0x800'1ed0     0x4  startup_stm32f30x.o [1]
  .text            ro code   0x800'1ed4     0x4  startup_stm32f30x.o [1]
  .text            ro code   0x800'1ed8     0x4  startup_stm32f30x.o [1]
  .text            ro code   0x800'1edc     0x4  startup_stm32f30x.o [1]
  .text            ro code   0x800'1ee0     0x4  startup_stm32f30x.o [1]
  .text            ro code   0x800'1ee4     0x4  startup_stm32f30x.o [1]
  .text            ro code   0x800'1ee8     0x4  startup_stm32f30x.o [1]
  .text            ro code   0x800'1eec     0x4  startup_stm32f30x.o [1]
  .text            ro code   0x800'1ef0     0x4  startup_stm32f30x.o [1]
  .text            ro code   0x800'1ef4     0x4  startup_stm32f30x.o [1]
  .rodata          const     0x800'1ef8     0x0  zero_init3.o [4]
                           - 0x800'1ef8  0x1d70

"P2", part 1 of 2:                       0x1f44
  .bss             zero     0x2000'0000  0x1f40  main.o [1]
  .bss             zero     0x2000'1f40     0x4  main.o [1]
                          - 0x2000'1f44  0x1f44

"P2", part 2 of 2:                       0x2000
  CSTACK                    0x2000'1f48  0x2000  <Block>
    CSTACK         uninit   0x2000'1f48  0x2000  <Block tail>
                          - 0x2000'3f48  0x2000

Unused ranges:

         From           To      Size
         ----           --      ----
   0x800'1ef8   0x803'ffff  0x3'e108
  0x2000'1f44  0x2000'1f47       0x4
  0x2000'3f48  0x2000'9fff    0x60b8


*******************************************************************************
*** INIT TABLE
***

          Address      Size
          -------      ----
Zero (__iar_zero_init3)
    1 destination range, total size 0x1f44:
          0x2000'0000  0x1f44



*******************************************************************************
*** MODULE SUMMARY
***

    Module               ro code  ro data  rw data
    ------               -------  -------  -------
command line/config:
    ----------------------------------------------
    Total:

C:\Users\Windows_10\Desktop\Mapi\Esercizi miei\readme3\Debug\Obj: [1]
    main.o                   492             8 004
    startup_stm32f30x.o      708
    system_stm32f30x.o       296
    ----------------------------------------------
    Total:                 1 496             8 004

dl7M_tln.a: [2]
    exit.o                     4
    low_level_init.o           4
    ----------------------------------------------
    Total:                     8

m7M_tls.a: [3]
    DblAdd.o                 378
    DblCmpEq.o                32
    DblCmpGe.o                46
    DblCmpLe.o                46
    DblDiv.o                 582
    DblMul.o                 418
    DblSub.o                 226
    DblToS32.o                58
    S32ToDbl.o                34
    U32ToDbl.o                26
    fpinit_M.o                34
    frexp.o                  112
    iar_Exp64.o            1 028
    ldexp.o                  314
    math_wrappers64.o         22
    pow64.o                2 856
    ----------------------------------------------
    Total:                 6 212

rt7M_tl.a: [4]
    cexit.o                   10
    cmain.o                   30
    cstartup_M.o              12
    data_init.o               40
    zero_init3.o              58
    ----------------------------------------------
    Total:                   150

shb_l.a: [5]
    exit.o                    20
    ----------------------------------------------
    Total:                    20

    Gaps                      24        2
    Linker created                     16    8 192
--------------------------------------------------
    Grand Total:           7 910       18   16 196


*******************************************************************************
*** ENTRY LIST
***

Entry                       Address    Size  Type      Object
-----                       -------    ----  ----      ------
.iar.init_table$$Base    0x800'1d58           --   Gb  - Linker created -
.iar.init_table$$Limit   0x800'1d68           --   Gb  - Linker created -
?main                    0x800'1d69          Code  Gb  cmain.o [4]
CSTACK$$Base            0x2000'1f48           --   Gb  - Linker created -
CSTACK$$Limit           0x2000'3f48           --   Gb  - Linker created -
EXTI4_IRQHandler         0x800'1ae5    0x74  Code  Gb  main.o [1]
Region$$Table$$Base      0x800'1d58           --   Gb  - Linker created -
Region$$Table$$Limit     0x800'1d68           --   Gb  - Linker created -
SetSysClock              0x800'1c45    0x9a  Code  Lc  system_stm32f30x.o [1]
SystemInit               0x800'1be5    0x60  Code  Gb  system_stm32f30x.o [1]
__aeabi_cdcmpeq          0x800'0cb1          Code  Gb  DblCmpEq.o [3]
__aeabi_cdcmple          0x800'0d41          Code  Gb  DblCmpLe.o [3]
__aeabi_cdrcmple         0x800'1455          Code  Gb  DblCmpGe.o [3]
__aeabi_d2iz             0x800'10c9          Code  Gb  DblToS32.o [3]
__aeabi_dadd             0x800'0f4d          Code  Gb  DblAdd.o [3]
__aeabi_ddiv             0x800'120d          Code  Gb  DblDiv.o [3]
__aeabi_dmul             0x800'0da9          Code  Gb  DblMul.o [3]
__aeabi_dsub             0x800'1129          Code  Gb  DblSub.o [3]
__aeabi_i2d              0x800'1105          Code  Gb  S32ToDbl.o [3]
__aeabi_ui2d             0x800'1bc9          Code  Gb  U32ToDbl.o [3]
__cmain                  0x800'1d69          Code  Gb  cmain.o [4]
__exit                   0x800'1d9d    0x14  Code  Gb  exit.o [5]
__iar_Exp64              0x800'1485   0x3a4  Code  Gb  iar_Exp64.o [3]
__iar_Pow64              0x800'0189   0x658  Code  Lc  pow64.o [3]
__iar_dadd               0x800'1139          Code  Gb  DblSub.o [3]
__iar_data_init3         0x800'1d0d    0x28  Code  Gb  data_init.o [4]
__iar_dsub               0x800'0f5d          Code  Gb  DblAdd.o [3]
__iar_dsubStart          0x800'0f6f          Code  Gb  DblAdd.o [3]
__iar_frexp              0x800'0cdd          Code  Gb  frexp.o [3]
__iar_frexpl             0x800'0cdd          Code  Gb  frexp.o [3]
__iar_init_vfp           0x800'1d35          Code  Gb  fpinit_M.o [3]
__iar_ldexp64            0x800'1889          Code  Gb  ldexp.o [3]
__iar_pow64              0x800'0879    0x14  Code  Gb  pow64.o [3]
__iar_pow_medium         0x800'0879    0x14  Code  Gb  pow64.o [3]
__iar_pow_medium64       0x800'0879    0x14  Code  Gb  pow64.o [3]
__iar_pow_mediuml        0x800'0879    0x14  Code  Gb  pow64.o [3]
__iar_program_start      0x800'1dc1          Code  Gb  cstartup_M.o [4]
__iar_scalbln64          0x800'1889          Code  Gb  ldexp.o [3]
__iar_scalbn64           0x800'1889          Code  Gb  ldexp.o [3]
__iar_softfp___iar_frexp64
                         0x800'0cd1          Code  Gb  frexp.o [3]
__iar_softfp_frexp       0x800'0cd1          Code  Gb  frexp.o [3]
__iar_softfp_frexpl      0x800'0cd1          Code  Gb  frexp.o [3]
__iar_vfp_pow            0x800'1bb7    0x10  Code  Gb  math_wrappers64.o [3]
__iar_zero_init3         0x800'0d6f    0x3a  Code  Gb  zero_init3.o [4]
__low_level_init         0x800'1d87     0x4  Code  Gb  low_level_init.o [2]
__vector_table           0x800'0000          Data  Gb  startup_stm32f30x.o [1]
_call_main               0x800'1d75          Code  Gb  cmain.o [4]
_exit                    0x800'1d91          Code  Gb  cexit.o [4]
_main                    0x800'1d83          Code  Gb  cmain.o [4]
abilita                  0x800'1a4f    0x2e  Code  Gb  main.o [1]
exit                     0x800'1d8b     0x4  Code  Gb  exit.o [2]
flag                    0x2000'1f40     0x4  Data  Gb  main.o [1]
ldexp                    0x800'1889          Code  Gb  ldexp.o [3]
ldexpl                   0x800'1889          Code  Gb  ldexp.o [3]
lnbias                   0x800'0890   0x420  Data  Lc  pow64.o [3]
main                     0x800'19c5    0x8a  Code  Gb  main.o [1]
pow                      0x800'0879    0x14  Code  Gb  pow64.o [3]
powl                     0x800'0879    0x14  Code  Gb  pow64.o [3]
scalbln                  0x800'1889          Code  Gb  ldexp.o [3]
scalblnl                 0x800'1889          Code  Gb  ldexp.o [3]
scalbn                   0x800'1889          Code  Gb  ldexp.o [3]
scalbnl                  0x800'1889          Code  Gb  ldexp.o [3]
setup_DAC                0x800'1a7d    0x34  Code  Gb  main.o [1]
setup_EXTI4              0x800'1ab9    0x2a  Code  Gb  main.o [1]
setup_TIM2               0x800'1ab1     0x8  Code  Gb  main.o [1]
tempo                   0x2000'0000  0x1f40  Data  Gb  main.o [1]


[1] = C:\Users\Windows_10\Desktop\Mapi\Esercizi miei\readme3\Debug\Obj
[2] = dl7M_tln.a
[3] = m7M_tls.a
[4] = rt7M_tl.a
[5] = shb_l.a

   7 910 bytes of readonly  code memory
      18 bytes of readonly  data memory
  16 196 bytes of readwrite data memory

Errors: none
Warnings: none
