###############################################################################
#
# IAR ELF Linker V8.30.2.160/W32 for ARM                  02/Jan/2019  20:34:30
# Copyright 2007-2018 IAR Systems AB.
#
#    Output file  =  
#        C:\Users\Windows_10\Desktop\Mapi\Esercizi
#        miei\readme1-F3\Debug\Exe\esame.out
#    Map file     =  
#        C:\Users\Windows_10\Desktop\Mapi\Esercizi
#        miei\readme1-F3\Debug\List\esame.map
#    Command line =  
#        -f C:\Users\WINDOW~1\AppData\Local\Temp\EWB74F.tmp
#        ("C:\Users\Windows_10\Desktop\Mapi\Esercizi
#        miei\readme1-F3\Debug\Obj\main.o"
#        "C:\Users\Windows_10\Desktop\Mapi\Esercizi
#        miei\readme1-F3\Debug\Obj\startup_stm32f30x.o"
#        "C:\Users\Windows_10\Desktop\Mapi\Esercizi
#        miei\readme1-F3\Debug\Obj\system_stm32f30x.o" --no_out_extension -o
#        "C:\Users\Windows_10\Desktop\Mapi\Esercizi
#        miei\readme1-F3\Debug\Exe\esame.out" --map
#        "C:\Users\Windows_10\Desktop\Mapi\Esercizi
#        miei\readme1-F3\Debug\List\esame.map" --config "C:\Program Files
#        (x86)\IAR Systems\Embedded Workbench
#        8.1\arm\config\linker\ST\stm32f303xC.icf" --semihosting --entry
#        __iar_program_start --vfe --text_out locale)
#
###############################################################################

*******************************************************************************
*** RUNTIME MODEL ATTRIBUTES
***

CppFlavor       = *
__SystemLibrary = DLib
__dlib_version  = 6


*******************************************************************************
*** HEAP SELECTION
***

The basic heap was selected because some modules are built with
size limitations (and not runtime checking), and --advanced_heap
was not specified.


*******************************************************************************
*** PLACEMENT SUMMARY
***

"A0":  place at 0x800'0000 { ro section .intvec };
"P1":  place in [from 0x800'0000 to 0x803'ffff] { ro };
define block CSTACK with size = 8K, alignment = 8 { };
define block HEAP with size = 8K, alignment = 8 { };
"P2":  place in [from 0x2000'0000 to 0x2000'9fff] {
          rw, block CSTACK, block HEAP };

No sections matched the following patterns:

  section .ccmram  in "P3"


  Section          Kind         Address    Size  Object
  -------          ----         -------    ----  ------
"A0":                                     0x188
  .intvec          ro code   0x800'0000   0x188  startup_stm32f30x.o [1]
                           - 0x800'0188   0x188

"P1":                                    0x2194
  .text            ro code   0x800'0188   0xb28  pow64.o [3]
  .text            ro code   0x800'0cb0    0x20  DblCmpEq.o [3]
  .text            ro code   0x800'0cd0    0x70  frexp.o [3]
  .text            ro code   0x800'0d40    0x2e  DblCmpLe.o [3]
  .text            ro code   0x800'0d6e    0x3a  zero_init3.o [4]
  .text            ro code   0x800'0da8   0x1a2  DblMul.o [3]
  .text            ro code   0x800'0f4c   0x17a  DblAdd.o [3]
  .text            ro code   0x800'10c8    0x3a  DblToS32.o [3]
  .text            ro code   0x800'1104    0x22  S32ToDbl.o [3]
  .text            ro code   0x800'1128    0xe2  DblSub.o [3]
  .text            ro code   0x800'120c   0x246  DblDiv.o [3]
  .text            ro code   0x800'1454    0x2e  DblCmpGe.o [3]
  .text            ro code   0x800'1484   0x404  iar_Exp64.o [3]
  .text            ro code   0x800'1888   0x13a  ldexp.o [3]
  .text            ro code   0x800'19c4   0x3e8  main.o [1]
  .text            ro code   0x800'1dac    0x16  math_wrappers64.o [3]
  .text            ro code   0x800'1dc4    0x68  DblToFlt.o [3]
  .text            ro code   0x800'1e2c   0x1dc  cos_sin32.o [3]
  .text            ro code   0x800'2008   0x128  system_stm32f30x.o [1]
  .text            ro code   0x800'2130    0x28  data_init.o [4]
  .text            ro code   0x800'2158    0x22  fpinit_M.o [3]
  .iar.init_table  const     0x800'217c    0x10  - Linker created -
  .text            ro code   0x800'218c    0x1e  cmain.o [4]
  .text            ro code   0x800'21aa     0x4  low_level_init.o [2]
  .text            ro code   0x800'21ae     0x4  exit.o [2]
  .text            ro code   0x800'21b4     0xa  cexit.o [4]
  .text            ro code   0x800'21c0    0x14  exit.o [5]
  .text            ro code   0x800'21d4    0x10  startup_stm32f30x.o [1]
  .text            ro code   0x800'21e4     0xc  cstartup_M.o [4]
  .text            ro code   0x800'21f0     0x4  startup_stm32f30x.o [1]
  .text            ro code   0x800'21f4     0x4  startup_stm32f30x.o [1]
  .text            ro code   0x800'21f8     0x4  startup_stm32f30x.o [1]
  .text            ro code   0x800'21fc     0x4  startup_stm32f30x.o [1]
  .text            ro code   0x800'2200     0x4  startup_stm32f30x.o [1]
  .text            ro code   0x800'2204     0x4  startup_stm32f30x.o [1]
  .text            ro code   0x800'2208     0x4  startup_stm32f30x.o [1]
  .text            ro code   0x800'220c     0x4  startup_stm32f30x.o [1]
  .text            ro code   0x800'2210     0x4  startup_stm32f30x.o [1]
  .text            ro code   0x800'2214     0x4  startup_stm32f30x.o [1]
  .text            ro code   0x800'2218     0x4  startup_stm32f30x.o [1]
  .text            ro code   0x800'221c     0x4  startup_stm32f30x.o [1]
  .text            ro code   0x800'2220     0x4  startup_stm32f30x.o [1]
  .text            ro code   0x800'2224     0x4  startup_stm32f30x.o [1]
  .text            ro code   0x800'2228     0x4  startup_stm32f30x.o [1]
  .text            ro code   0x800'222c     0x4  startup_stm32f30x.o [1]
  .text            ro code   0x800'2230     0x4  startup_stm32f30x.o [1]
  .text            ro code   0x800'2234     0x4  startup_stm32f30x.o [1]
  .text            ro code   0x800'2238     0x4  startup_stm32f30x.o [1]
  .text            ro code   0x800'223c     0x4  startup_stm32f30x.o [1]
  .text            ro code   0x800'2240     0x4  startup_stm32f30x.o [1]
  .text            ro code   0x800'2244     0x4  startup_stm32f30x.o [1]
  .text            ro code   0x800'2248     0x4  startup_stm32f30x.o [1]
  .text            ro code   0x800'224c     0x4  startup_stm32f30x.o [1]
  .text            ro code   0x800'2250     0x4  startup_stm32f30x.o [1]
  .text            ro code   0x800'2254     0x4  startup_stm32f30x.o [1]
  .text            ro code   0x800'2258     0x4  startup_stm32f30x.o [1]
  .text            ro code   0x800'225c     0x4  startup_stm32f30x.o [1]
  .text            ro code   0x800'2260     0x4  startup_stm32f30x.o [1]
  .text            ro code   0x800'2264     0x4  startup_stm32f30x.o [1]
  .text            ro code   0x800'2268     0x4  startup_stm32f30x.o [1]
  .text            ro code   0x800'226c     0x4  startup_stm32f30x.o [1]
  .text            ro code   0x800'2270     0x4  startup_stm32f30x.o [1]
  .text            ro code   0x800'2274     0x4  startup_stm32f30x.o [1]
  .text            ro code   0x800'2278     0x4  startup_stm32f30x.o [1]
  .text            ro code   0x800'227c     0x4  startup_stm32f30x.o [1]
  .text            ro code   0x800'2280     0x4  startup_stm32f30x.o [1]
  .text            ro code   0x800'2284     0x4  startup_stm32f30x.o [1]
  .text            ro code   0x800'2288     0x4  startup_stm32f30x.o [1]
  .text            ro code   0x800'228c     0x4  startup_stm32f30x.o [1]
  .text            ro code   0x800'2290     0x4  startup_stm32f30x.o [1]
  .text            ro code   0x800'2294     0x4  startup_stm32f30x.o [1]
  .text            ro code   0x800'2298     0x4  startup_stm32f30x.o [1]
  .text            ro code   0x800'229c     0x4  startup_stm32f30x.o [1]
  .text            ro code   0x800'22a0     0x4  startup_stm32f30x.o [1]
  .text            ro code   0x800'22a4     0x4  startup_stm32f30x.o [1]
  .text            ro code   0x800'22a8     0x4  startup_stm32f30x.o [1]
  .text            ro code   0x800'22ac     0x4  startup_stm32f30x.o [1]
  .text            ro code   0x800'22b0     0x4  startup_stm32f30x.o [1]
  .text            ro code   0x800'22b4     0x4  startup_stm32f30x.o [1]
  .text            ro code   0x800'22b8     0x4  startup_stm32f30x.o [1]
  .text            ro code   0x800'22bc     0x4  startup_stm32f30x.o [1]
  .text            ro code   0x800'22c0     0x4  startup_stm32f30x.o [1]
  .text            ro code   0x800'22c4     0x4  startup_stm32f30x.o [1]
  .text            ro code   0x800'22c8     0x4  startup_stm32f30x.o [1]
  .text            ro code   0x800'22cc     0x4  startup_stm32f30x.o [1]
  .text            ro code   0x800'22d0     0x4  startup_stm32f30x.o [1]
  .text            ro code   0x800'22d4     0x4  startup_stm32f30x.o [1]
  .text            ro code   0x800'22d8     0x4  startup_stm32f30x.o [1]
  .text            ro code   0x800'22dc     0x4  startup_stm32f30x.o [1]
  .text            ro code   0x800'22e0     0x4  startup_stm32f30x.o [1]
  .text            ro code   0x800'22e4     0x4  startup_stm32f30x.o [1]
  .text            ro code   0x800'22e8     0x4  startup_stm32f30x.o [1]
  .text            ro code   0x800'22ec     0x4  startup_stm32f30x.o [1]
  .text            ro code   0x800'22f0     0x4  startup_stm32f30x.o [1]
  .text            ro code   0x800'22f4     0x4  startup_stm32f30x.o [1]
  .text            ro code   0x800'22f8     0x4  startup_stm32f30x.o [1]
  .text            ro code   0x800'22fc     0x4  startup_stm32f30x.o [1]
  .text            ro code   0x800'2300     0x4  startup_stm32f30x.o [1]
  .text            ro code   0x800'2304     0x4  startup_stm32f30x.o [1]
  .text            ro code   0x800'2308     0x4  startup_stm32f30x.o [1]
  .text            ro code   0x800'230c     0x4  startup_stm32f30x.o [1]
  .text            ro code   0x800'2310     0x4  startup_stm32f30x.o [1]
  .text            ro code   0x800'2314     0x4  startup_stm32f30x.o [1]
  .text            ro code   0x800'2318     0x4  startup_stm32f30x.o [1]
  .rodata          const     0x800'231c     0x0  zero_init3.o [4]
                           - 0x800'231c  0x2194

"P2", part 1 of 2:                       0x1458
  .bss             zero     0x2000'0000  0x111c  main.o [1]
  .bss             zero     0x2000'111c   0x320  main.o [1]
  .bss             zero     0x2000'143c     0x4  main.o [1]
  .bss             zero     0x2000'1440     0x8  main.o [1]
  .bss             zero     0x2000'1448     0x8  main.o [1]
  .bss             zero     0x2000'1450     0x8  main.o [1]
                          - 0x2000'1458  0x1458

"P2", part 2 of 2:                       0x2000
  CSTACK                    0x2000'1458  0x2000  <Block>
    CSTACK         uninit   0x2000'1458  0x2000  <Block tail>
                          - 0x2000'3458  0x2000

Unused ranges:

         From           To      Size
         ----           --      ----
   0x800'231c   0x803'ffff  0x3'dce4
  0x2000'3458  0x2000'9fff    0x6ba8


*******************************************************************************
*** INIT TABLE
***

          Address      Size
          -------      ----
Zero (__iar_zero_init3)
    1 destination range, total size 0x1458:
          0x2000'0000  0x1458



*******************************************************************************
*** MODULE SUMMARY
***

    Module               ro code  ro data  rw data
    ------               -------  -------  -------
command line/config:
    ----------------------------------------------
    Total:

C:\Users\Windows_10\Desktop\Mapi\Esercizi miei\readme1-F3\Debug\Obj: [1]
    main.o                 1 000             5 208
    startup_stm32f30x.o      708
    system_stm32f30x.o       296
    ----------------------------------------------
    Total:                 2 004             5 208

dl7M_tln.a: [2]
    exit.o                     4
    low_level_init.o           4
    ----------------------------------------------
    Total:                     8

m7M_tls.a: [3]
    DblAdd.o                 378
    DblCmpEq.o                32
    DblCmpGe.o                46
    DblCmpLe.o                46
    DblDiv.o                 582
    DblMul.o                 418
    DblSub.o                 226
    DblToFlt.o               104
    DblToS32.o                58
    S32ToDbl.o                34
    cos_sin32.o              476
    fpinit_M.o                34
    frexp.o                  112
    iar_Exp64.o            1 028
    ldexp.o                  314
    math_wrappers64.o         22
    pow64.o                2 856
    ----------------------------------------------
    Total:                 6 766

rt7M_tl.a: [4]
    cexit.o                   10
    cmain.o                   30
    cstartup_M.o              12
    data_init.o               40
    zero_init3.o              58
    ----------------------------------------------
    Total:                   150

shb_l.a: [5]
    exit.o                    20
    ----------------------------------------------
    Total:                    20

    Gaps                      22        2
    Linker created                     16    8 192
--------------------------------------------------
    Grand Total:           8 970       18   13 400


*******************************************************************************
*** ENTRY LIST
***

Entry                       Address    Size  Type      Object
-----                       -------    ----  ----      ------
.iar.init_table$$Base    0x800'217c           --   Gb  - Linker created -
.iar.init_table$$Limit   0x800'218c           --   Gb  - Linker created -
?main                    0x800'218d          Code  Gb  cmain.o [4]
ADC1_2_IRQHandler        0x800'1cc9    0x2e  Code  Gb  main.o [1]
ARRADC                  0x2000'1440     0x8  Data  Gb  main.o [1]
ARRDAC                  0x2000'1448     0x8  Data  Gb  main.o [1]
CSTACK$$Base            0x2000'1458           --   Gb  - Linker created -
CSTACK$$Limit           0x2000'3458           --   Gb  - Linker created -
PSCADC                  0x2000'1450     0x8  Data  Gb  main.o [1]
Region$$Table$$Base      0x800'217c           --   Gb  - Linker created -
Region$$Table$$Limit     0x800'218c           --   Gb  - Linker created -
SetSysClock              0x800'2069    0x9a  Code  Lc  system_stm32f30x.o [1]
SystemInit               0x800'2009    0x60  Code  Gb  system_stm32f30x.o [1]
TIM3_IRQHandler          0x800'1c99    0x16  Code  Gb  main.o [1]
__aeabi_cdcmpeq          0x800'0cb1          Code  Gb  DblCmpEq.o [3]
__aeabi_cdcmple          0x800'0d41          Code  Gb  DblCmpLe.o [3]
__aeabi_cdrcmple         0x800'1455          Code  Gb  DblCmpGe.o [3]
__aeabi_d2f              0x800'1dc5          Code  Gb  DblToFlt.o [3]
__aeabi_d2iz             0x800'10c9          Code  Gb  DblToS32.o [3]
__aeabi_dadd             0x800'0f4d          Code  Gb  DblAdd.o [3]
__aeabi_ddiv             0x800'120d          Code  Gb  DblDiv.o [3]
__aeabi_dmul             0x800'0da9          Code  Gb  DblMul.o [3]
__aeabi_dsub             0x800'1129          Code  Gb  DblSub.o [3]
__aeabi_i2d              0x800'1105          Code  Gb  S32ToDbl.o [3]
__cmain                  0x800'218d          Code  Gb  cmain.o [4]
__exit                   0x800'21c1    0x14  Code  Gb  exit.o [5]
__iar_Exp64              0x800'1485   0x3a4  Code  Gb  iar_Exp64.o [3]
__iar_Pow64              0x800'0189   0x658  Code  Lc  pow64.o [3]
__iar_Sin32              0x800'1e2d   0x198  Code  Lc  cos_sin32.o [3]
__iar_dadd               0x800'1139          Code  Gb  DblSub.o [3]
__iar_data_init3         0x800'2131    0x28  Code  Gb  data_init.o [4]
__iar_dsub               0x800'0f5d          Code  Gb  DblAdd.o [3]
__iar_dsubStart          0x800'0f6f          Code  Gb  DblAdd.o [3]
__iar_frexp              0x800'0cdd          Code  Gb  frexp.o [3]
__iar_frexpl             0x800'0cdd          Code  Gb  frexp.o [3]
__iar_init_vfp           0x800'2159          Code  Gb  fpinit_M.o [3]
__iar_ldexp64            0x800'1889          Code  Gb  ldexp.o [3]
__iar_pow64              0x800'0879    0x14  Code  Gb  pow64.o [3]
__iar_pow_medium         0x800'0879    0x14  Code  Gb  pow64.o [3]
__iar_pow_medium64       0x800'0879    0x14  Code  Gb  pow64.o [3]
__iar_pow_mediuml        0x800'0879    0x14  Code  Gb  pow64.o [3]
__iar_program_start      0x800'21e5          Code  Gb  cstartup_M.o [4]
__iar_scalbln64          0x800'1889          Code  Gb  ldexp.o [3]
__iar_scalbn64           0x800'1889          Code  Gb  ldexp.o [3]
__iar_sin32              0x800'2005     0x4  Code  Gb  cos_sin32.o [3]
__iar_sin_medium32       0x800'2005     0x4  Code  Gb  cos_sin32.o [3]
__iar_sin_mediumf        0x800'2005     0x4  Code  Gb  cos_sin32.o [3]
__iar_softfp___iar_frexp64
                         0x800'0cd1          Code  Gb  frexp.o [3]
__iar_softfp_frexp       0x800'0cd1          Code  Gb  frexp.o [3]
__iar_softfp_frexpl      0x800'0cd1          Code  Gb  frexp.o [3]
__iar_vfp_pow            0x800'1db3    0x10  Code  Gb  math_wrappers64.o [3]
__iar_zero_init3         0x800'0d6f    0x3a  Code  Gb  zero_init3.o [4]
__low_level_init         0x800'21ab     0x4  Code  Gb  low_level_init.o [2]
__vector_table           0x800'0000          Data  Gb  startup_stm32f30x.o [1]
_call_main               0x800'2199          Code  Gb  cmain.o [4]
_exit                    0x800'21b5          Code  Gb  cexit.o [4]
_main                    0x800'21a7          Code  Gb  cmain.o [4]
abilita                  0x800'1b97    0x36  Code  Gb  main.o [1]
exit                     0x800'21af     0x4  Code  Gb  exit.o [2]
genera                   0x800'1b29    0x6e  Code  Gb  main.o [1]
k                       0x2000'143c     0x4  Data  Gb  main.o [1]
ldexp                    0x800'1889          Code  Gb  ldexp.o [3]
ldexpl                   0x800'1889          Code  Gb  ldexp.o [3]
lnbias                   0x800'0890   0x420  Data  Lc  pow64.o [3]
main                     0x800'19c5   0x164  Code  Gb  main.o [1]
pow                      0x800'0879    0x14  Code  Gb  pow64.o [3]
powl                     0x800'0879    0x14  Code  Gb  pow64.o [3]
ris                     0x2000'0000  0x111c  Data  Gb  main.o [1]
scalbln                  0x800'1889          Code  Gb  ldexp.o [3]
scalblnl                 0x800'1889          Code  Gb  ldexp.o [3]
scalbn                   0x800'1889          Code  Gb  ldexp.o [3]
scalbnl                  0x800'1889          Code  Gb  ldexp.o [3]
setup_ADC                0x800'1c0f    0x3c  Code  Gb  main.o [1]
setup_DAC                0x800'1c4b    0x3c  Code  Gb  main.o [1]
setup_DMA2               0x800'1bcd    0x42  Code  Gb  main.o [1]
setup_TIM2               0x800'1cf7     0xc  Code  Gb  main.o [1]
setup_TIM3               0x800'1d03    0x24  Code  Gb  main.o [1]
sinf                     0x800'2005     0x4  Code  Gb  cos_sin32.o [3]
sinval                  0x2000'111c   0x320  Data  Gb  main.o [1]


[1] = C:\Users\Windows_10\Desktop\Mapi\Esercizi miei\readme1-F3\Debug\Obj
[2] = dl7M_tln.a
[3] = m7M_tls.a
[4] = rt7M_tl.a
[5] = shb_l.a

   8 970 bytes of readonly  code memory
      18 bytes of readonly  data memory
  13 400 bytes of readwrite data memory

Errors: none
Warnings: none
